#
# A fatal error has been detected by the Java Runtime Environment:
#
#  EXCEPTION_ACCESS_VIOLATION (0xc0000005) at pc=0x00007fff2d9ca176, pid=42304, tid=10780
#
# JRE version: Java(TM) SE Runtime Environment (17.0.1+12) (build 17.0.1+12-LTS-39)
# Java VM: Java HotSpot(TM) 64-Bit Server VM (17.0.1+12-LTS-39, mixed mode, sharing, tiered, compressed oops, compressed class ptrs, g1 gc, windows-amd64)
# Problematic frame:
# C  [igxelpicd64.dll+0x2aa176]
#
# No core dump will be written. Minidumps are not enabled by default on client versions of Windows
#
# If you would like to submit a bug report, please visit:
#   https://bugreport.java.com/bugreport/crash.jsp
#

---------------  S U M M A R Y ------------

Command Line: -javaagent:C:\Program Files\JetBrains\IntelliJ IDEA Community Edition 2021.3.1\lib\idea_rt.jar=51291:C:\Program Files\JetBrains\IntelliJ IDEA Community Edition 2021.3.1\bin -Dfile.encoding=UTF-8 Instance.Main

Host: 11th Gen Intel(R) Core(TM) i7-11800H @ 2.30GHz, 16 cores, 31G,  Windows 10 , 64 bit Build 22621 (10.0.22621.3527)
Time: Thu Jun  6 23:54:44 2024 Eastern Daylight Time elapsed time: 32.941823 seconds (0d 0h 0m 32s)

---------------  T H R E A D  ---------------

Current thread (0x0000016fa2feeea0):  VMThread "VM Thread" [stack: 0x0000005476000000,0x0000005476100000] [id=10780]

Stack: [0x0000005476000000,0x0000005476100000],  sp=0x00000054760fe850,  free space=1018k
Native frames: (J=compiled Java code, j=interpreted, Vv=VM code, C=native code)
C  [igxelpicd64.dll+0x2aa176]


siginfo: EXCEPTION_ACCESS_VIOLATION (0xc0000005), reading address 0x0000000000035458


Register to memory mapping:

RIP=0x00007fff2d9ca176 igxelpicd64.dll
RAX=0x0000016fa4364950 points into unknown readable memory: 0x000000000023f208 | 08 f2 23 00 00 00 00 00
RBX=0x0000016fa3e441d0 points into unknown readable memory: 0xffffffffffffffff | ff ff ff ff ff ff ff ff
RCX=0x0000000000000001 is an unknown value
RDX=0x0 is NULL
RSP=0x00000054760fe850 points into unknown readable memory: 0x0000016fa3e441d0 | d0 41 e4 a3 6f 01 00 00
RBP=0x0 is NULL
RSI=0x0000016fa4364810 points into unknown readable memory: 0x0000016fa3df8d30 | 30 8d df a3 6f 01 00 00
RDI=0x0000016fa3ce9a60 points into unknown readable memory: 0x00007fffbb1e6c00 | 00 6c 1e bb ff 7f 00 00
R8 =0x0000016fa4364910 points into unknown readable memory: 0x0000000000000000 | 00 00 00 00 00 00 00 00
R9 =0x0 is NULL
R10=0x0 is NULL
R11=0x0000000000000246 is an unknown value
R12=0x0000016fa4364810 points into unknown readable memory: 0x0000016fa3df8d30 | 30 8d df a3 6f 01 00 00
R13=0x0 is NULL
R14=0x0000016fa4364d58 points into unknown readable memory: 0x0000016fa3f30c20 | 20 0c f3 a3 6f 01 00 00
R15=0x0000016fa3f30c20 points into unknown readable memory: 0x0000016fa3df8d30 | 30 8d df a3 6f 01 00 00


Registers:
RAX=0x0000016fa4364950, RBX=0x0000016fa3e441d0, RCX=0x0000000000000001, RDX=0x0000000000000000
RSP=0x00000054760fe850, RBP=0x0000000000000000, RSI=0x0000016fa4364810, RDI=0x0000016fa3ce9a60
R8 =0x0000016fa4364910, R9 =0x0000000000000000, R10=0x0000000000000000, R11=0x0000000000000246
R12=0x0000016fa4364810, R13=0x0000000000000000, R14=0x0000016fa4364d58, R15=0x0000016fa3f30c20
RIP=0x00007fff2d9ca176, EFLAGS=0x0000000000010206

Top of Stack: (sp=0x00000054760fe850)
0x00000054760fe850:   0000016fa3e441d0 0143000101c4a444
0x00000054760fe860:   0000007cecc00000 0000005400000000
0x00000054760fe870:   0000001600000000 0000000000000000
0x00000054760fe880:   0000000000628569 0000000057baa8e2
0x00000054760fe890:   0000016fa3e441d0 0000000000000000
0x00000054760fe8a0:   0000000000620072 0000000057bab12e
0x00000054760fe8b0:   0000016fae975580 0000000000000000
0x00000054760fe8c0:   00000054760f0080 0000016ff6126970
0x00000054760fe8d0:   0000016fae94c590 0000000c000000aa
0x00000054760fe8e0:   0000000000000000 00007fff3ae81de6
0x00000054760fe8f0:   00000de6fd5e6522 0000016ff61c9f60
0x00000054760fe900:   000000000000000f 0000016ff61c9f60
0x00000054760fe910:   0000000000000001 00007fff3b0b9c68
0x00000054760fe920:   00000054760fea20 0000016fae975580
0x00000054760fe930:   000000000000000c 00007fffbc2b3824
0x00000054760fe940:   0000000000000000 0000000000000000 

Instructions: (pc=0x00007fff2d9ca176)
0x00007fff2d9ca076:   00 90 4c 8b bf 80 02 00 00 48 8b 05 0a 80 b3 00
0x00007fff2d9ca086:   8b 80 c0 0a 00 00 89 44 24 24 c6 44 24 20 00 48
0x00007fff2d9ca096:   c7 87 80 02 00 00 00 00 00 00 c7 87 88 02 00 00
0x00007fff2d9ca0a6:   00 00 00 00 48 c7 87 a0 02 00 00 00 00 00 00 48
0x00007fff2d9ca0b6:   c7 87 90 02 00 00 00 00 00 00 48 85 ed 75 3d 8b
0x00007fff2d9ca0c6:   35 cd 4d c3 00 65 48 8b 04 25 58 00 00 00 b9 14
0x00007fff2d9ca0d6:   00 00 00 48 8b 04 f0 40 38 2c 01 0f 84 09 7c 6b
0x00007fff2d9ca0e6:   00 65 48 8b 04 25 58 00 00 00 bd 20 00 00 00 48
0x00007fff2d9ca0f6:   8b 04 f0 48 8b 2c 28 48 89 6c 24 28 48 3b 2d b7
0x00007fff2d9ca106:   71 c3 00 0f 84 93 10 00 00 4d 85 ff 0f 84 3a 01
0x00007fff2d9ca116:   00 00 0f 1f 84 00 00 00 00 00 49 8b f7 4d 8b e7
0x00007fff2d9ca126:   4d 8d b7 48 05 00 00 4d 8b 3e 45 84 ed 0f 85 db
0x00007fff2d9ca136:   0f 00 00 8b 8f d0 01 00 00 48 8b 05 4a 7f b3 00
0x00007fff2d9ca146:   83 b8 64 03 00 00 02 75 34 4d 8d 84 24 00 01 00
0x00007fff2d9ca156:   00 83 f9 10 0f 83 3a 01 00 00 8b c1 48 c1 e0 06
0x00007fff2d9ca166:   49 03 c0 48 85 c0 0f 84 9b 01 00 00 48 8b 50 08
0x00007fff2d9ca176:   48 3b 95 58 54 03 00 0f 87 51 0e 00 00 48 83 be
0x00007fff2d9ca186:   c0 05 00 00 00 0f 85 90 7b 6b 00 44 8b 8f d0 01
0x00007fff2d9ca196:   00 00 48 8b 87 e8 01 00 00 4c 8b 00 8b 8f d0 01
0x00007fff2d9ca1a6:   00 00 48 8d 9e 00 01 00 00 83 f9 10 0f 83 1e 01
0x00007fff2d9ca1b6:   00 00 8b c1 48 c1 e0 06 48 03 c3 48 85 c0 0f 84
0x00007fff2d9ca1c6:   4a 01 00 00 4c 39 40 08 0f 86 40 01 00 00 48 8b
0x00007fff2d9ca1d6:   87 80 02 00 00 49 89 06 48 89 b7 80 02 00 00 ff
0x00007fff2d9ca1e6:   87 88 02 00 00 48 8b 4e 08 48 8b 01 ba 01 00 00
0x00007fff2d9ca1f6:   00 48 8b 80 d8 02 00 00 ff 15 04 44 7f 00 0f b7
0x00007fff2d9ca206:   c8 48 2b c1 48 05 00 00 01 00 48 01 87 90 02 00
0x00007fff2d9ca216:   00 48 8b 4e 08 48 8b 01 ba 01 00 00 00 48 8b 80
0x00007fff2d9ca226:   d8 02 00 00 ff 15 d8 43 7f 00 48 01 87 a0 02 00
0x00007fff2d9ca236:   00 0f b6 54 24 20 4d 85 ff 0f 85 db fe ff ff 84
0x00007fff2d9ca246:   d2 0f 85 28 0f 00 00 48 8b 5c 24 40 48 8b cf 80
0x00007fff2d9ca256:   7c 24 22 00 0f 85 4f 0f 00 00 e8 4b f9 ff ff 90
0x00007fff2d9ca266:   48 8b cb ff 15 a9 3e 7f 00 48 8b 8c 24 50 01 00 


Stack slot to memory mapping:
stack at sp + 0 slots: 0x0000016fa3e441d0 points into unknown readable memory: 0xffffffffffffffff | ff ff ff ff ff ff ff ff
stack at sp + 1 slots: 0x0143000101c4a444 is an unknown value
stack at sp + 2 slots: 0x0000007cecc00000 is an unknown value
stack at sp + 3 slots: 0x0000005400000000 is an unknown value
stack at sp + 4 slots: 0x0000001600000000 is an unknown value
stack at sp + 5 slots: 0x0 is NULL
stack at sp + 6 slots: 0x0000000000628569 is an unknown value
stack at sp + 7 slots: 0x0000000057baa8e2 is an unknown value

VM_Operation (0x0000005476aff2f0): Exit, mode: safepoint, requested by thread 0x0000016fa3e3fdf0


---------------  P R O C E S S  ---------------

Threads class SMR info:
_java_thread_list=0x0000016fa3dee850, length=18, elements={
0x0000016ff6113f90, 0x0000016fa2ff44e0, 0x0000016fa2ff5090, 0x0000016fa390e3e0,
0x0000016fa3912eb0, 0x0000016fa3913860, 0x0000016fa39145f0, 0x0000016fa3915090,
0x0000016fa3916220, 0x0000016fa3a532d0, 0x0000016fa3c1dcc0, 0x0000016fa3c1e190,
0x0000016fae7de880, 0x0000016fae5d4d20, 0x0000016fae5d51f0, 0x0000016fae7dd7a0,
0x0000016fae84c4b0, 0x0000016fa3e3fdf0
}

Java Threads: ( => current thread )
  0x0000016ff6113f90 JavaThread "main" [_thread_blocked, id=34648, stack(0x0000005475a00000,0x0000005475b00000)]
  0x0000016fa2ff44e0 JavaThread "Reference Handler" daemon [_thread_blocked, id=45600, stack(0x0000005476100000,0x0000005476200000)]
  0x0000016fa2ff5090 JavaThread "Finalizer" daemon [_thread_blocked, id=30816, stack(0x0000005476200000,0x0000005476300000)]
  0x0000016fa390e3e0 JavaThread "Attach Listener" daemon [_thread_blocked, id=44128, stack(0x0000005476400000,0x0000005476500000)]
  0x0000016fa3912eb0 JavaThread "Service Thread" daemon [_thread_blocked, id=21288, stack(0x0000005476500000,0x0000005476600000)]
  0x0000016fa3913860 JavaThread "Monitor Deflation Thread" daemon [_thread_blocked, id=41824, stack(0x0000005476600000,0x0000005476700000)]
  0x0000016fa39145f0 JavaThread "C2 CompilerThread0" daemon [_thread_blocked, id=31816, stack(0x0000005476700000,0x0000005476800000)]
  0x0000016fa3915090 JavaThread "C1 CompilerThread0" daemon [_thread_blocked, id=16616, stack(0x0000005476800000,0x0000005476900000)]
  0x0000016fa3916220 JavaThread "Sweeper thread" daemon [_thread_blocked, id=33644, stack(0x0000005476900000,0x0000005476a00000)]
  0x0000016fa3a532d0 JavaThread "Common-Cleaner" daemon [_thread_blocked, id=34744, stack(0x0000005476b00000,0x0000005476c00000)]
  0x0000016fa3c1dcc0 JavaThread "Monitor Ctrl-Break" daemon [_thread_in_native, id=19204, stack(0x0000005477000000,0x0000005477100000)]
  0x0000016fa3c1e190 JavaThread "Notification Thread" daemon [_thread_blocked, id=39496, stack(0x0000005477100000,0x0000005477200000)]
  0x0000016fae7de880 JavaThread "updateThread" daemon [_thread_blocked, id=49376, stack(0x0000005477900000,0x0000005477a00000)]
  0x0000016fae5d4d20 JavaThread "pool-1-thread-1" [_thread_blocked, id=11632, stack(0x0000005477a00000,0x0000005477b00000)]
  0x0000016fae5d51f0 JavaThread "pool-1-thread-2" [_thread_blocked, id=48980, stack(0x0000005477b00000,0x0000005477c00000)]
  0x0000016fae7dd7a0 JavaThread "pool-1-thread-3" [_thread_blocked, id=47056, stack(0x0000005477c00000,0x0000005477d00000)]
  0x0000016fae84c4b0 JavaThread "pool-1-thread-4" [_thread_blocked, id=29144, stack(0x0000005477d00000,0x0000005477e00000)]
  0x0000016fa3e3fdf0 JavaThread "SIGINT handler" daemon [_thread_blocked, id=10008, stack(0x0000005476a00000,0x0000005476b00000)]

Other Threads:
=>0x0000016fa2feeea0 VMThread "VM Thread" [stack: 0x0000005476000000,0x0000005476100000] [id=10780]
  0x0000016ff618d020 GCTaskThread "GC Thread#0" [stack: 0x0000005475b00000,0x0000005475c00000] [id=42800]
  0x0000016fae903300 GCTaskThread "GC Thread#1" [stack: 0x0000005478200000,0x0000005478300000] [id=31484]
  0x0000016fae98cfa0 GCTaskThread "GC Thread#2" [stack: 0x0000005478300000,0x0000005478400000] [id=5724]
  0x0000016fae8a9a40 GCTaskThread "GC Thread#3" [stack: 0x0000005478400000,0x0000005478500000] [id=45356]
  0x0000016fae930230 GCTaskThread "GC Thread#4" [stack: 0x0000005478500000,0x0000005478600000] [id=3496]
  0x0000016fae976210 GCTaskThread "GC Thread#5" [stack: 0x0000005478600000,0x0000005478700000] [id=38132]
  0x0000016fae92aa40 GCTaskThread "GC Thread#6" [stack: 0x0000005478700000,0x0000005478800000] [id=44448]
  0x0000016fae92b100 GCTaskThread "GC Thread#7" [stack: 0x0000005478800000,0x0000005478900000] [id=37152]
  0x0000016faeaf5550 GCTaskThread "GC Thread#8" [stack: 0x0000005478900000,0x0000005478a00000] [id=49400]
  0x0000016faeaf5800 GCTaskThread "GC Thread#9" [stack: 0x0000005478a00000,0x0000005478b00000] [id=21140]
  0x0000016faeaf5ab0 GCTaskThread "GC Thread#10" [stack: 0x0000005478b00000,0x0000005478c00000] [id=42152]
  0x0000016fae94b5f0 GCTaskThread "GC Thread#11" [stack: 0x0000005478c00000,0x0000005478d00000] [id=6112]
  0x0000016ff619dd70 ConcurrentGCThread "G1 Main Marker" terminated
  0x0000016ff619e780 ConcurrentGCThread "G1 Conc#0" [stack: 0x0000005475d00000,0x0000005475e00000] [id=33036]
  0x0000016ff61decc0 ConcurrentGCThread "G1 Refine#0" terminated
  0x0000016fa2eac950 ConcurrentGCThread "G1 Service" terminated

Threads with active compile tasks:

VM state: at safepoint (shutting down)

VM Mutex/Monitor currently owned by a thread:  ([mutex/lock_event])
[0x0000016ff610f640] Threads_lock - owner thread: 0x0000016fa2feeea0
[0x0000016ff610fbe0] Heap_lock - owner thread: 0x0000016fa3e3fdf0

Heap address: 0x0000000603c00000, size: 8132 MB, Compressed Oops mode: Zero based, Oop shift amount: 3

CDS archive(s) mapped at: [0x0000000800000000-0x0000000800bc0000-0x0000000800bc0000), size 12320768, SharedBaseAddress: 0x0000000800000000, ArchiveRelocationMode: 0.
Compressed class space mapped at: 0x0000000800c00000-0x0000000840c00000, reserved size: 1073741824
Narrow klass base: 0x0000000800000000, Narrow klass shift: 0, Narrow klass range: 0x100000000

GC Precious Log:
 CPUs: 16 total, 16 available
 Memory: 32515M
 Large Page Support: Disabled
 NUMA Support: Disabled
 Compressed Oops: Enabled (Zero based)
 Heap Region Size: 4M
 Heap Min Capacity: 8M
 Heap Initial Capacity: 512M
 Heap Max Capacity: 8132M
 Pre-touch: Disabled
 Parallel Workers: 13
 Concurrent Workers: 3
 Concurrent Refinement Workers: 13
 Periodic GC: Disabled

Heap:
 garbage-first heap   total 524288K, used 18745K [0x0000000603c00000, 0x0000000800000000)
  region size 4096K, 6 young (24576K), 1 survivors (4096K)
 Metaspace       used 6269K, committed 6400K, reserved 1056768K
  class space    used 323K, committed 384K, reserved 1048576K

Heap Regions: E=young(eden), S=young(survivor), O=old, HS=humongous(starts), HC=humongous(continues), CS=collection set, F=free, OA=open archive, CA=closed archive, TAMS=top-at-mark-start (previous, next)
|   0|0x0000000603c00000, 0x0000000603c00000, 0x0000000604000000|  0%| F|  |TAMS 0x0000000603c00000, 0x0000000603c00000| Untracked 
|   1|0x0000000604000000, 0x0000000604000000, 0x0000000604400000|  0%| F|  |TAMS 0x0000000604000000, 0x0000000604000000| Untracked 
|   2|0x0000000604400000, 0x0000000604400000, 0x0000000604800000|  0%| F|  |TAMS 0x0000000604400000, 0x0000000604400000| Untracked 
|   3|0x0000000604800000, 0x0000000604800000, 0x0000000604c00000|  0%| F|  |TAMS 0x0000000604800000, 0x0000000604800000| Untracked 
|   4|0x0000000604c00000, 0x0000000604c00000, 0x0000000605000000|  0%| F|  |TAMS 0x0000000604c00000, 0x0000000604c00000| Untracked 
|   5|0x0000000605000000, 0x0000000605000000, 0x0000000605400000|  0%| F|  |TAMS 0x0000000605000000, 0x0000000605000000| Untracked 
|   6|0x0000000605400000, 0x0000000605400000, 0x0000000605800000|  0%| F|  |TAMS 0x0000000605400000, 0x0000000605400000| Untracked 
|   7|0x0000000605800000, 0x0000000605800000, 0x0000000605c00000|  0%| F|  |TAMS 0x0000000605800000, 0x0000000605800000| Untracked 
|   8|0x0000000605c00000, 0x0000000605c00000, 0x0000000606000000|  0%| F|  |TAMS 0x0000000605c00000, 0x0000000605c00000| Untracked 
|   9|0x0000000606000000, 0x0000000606000000, 0x0000000606400000|  0%| F|  |TAMS 0x0000000606000000, 0x0000000606000000| Untracked 
|  10|0x0000000606400000, 0x0000000606400000, 0x0000000606800000|  0%| F|  |TAMS 0x0000000606400000, 0x0000000606400000| Untracked 
|  11|0x0000000606800000, 0x0000000606800000, 0x0000000606c00000|  0%| F|  |TAMS 0x0000000606800000, 0x0000000606800000| Untracked 
|  12|0x0000000606c00000, 0x0000000606c00000, 0x0000000607000000|  0%| F|  |TAMS 0x0000000606c00000, 0x0000000606c00000| Untracked 
|  13|0x0000000607000000, 0x0000000607000000, 0x0000000607400000|  0%| F|  |TAMS 0x0000000607000000, 0x0000000607000000| Untracked 
|  14|0x0000000607400000, 0x0000000607400000, 0x0000000607800000|  0%| F|  |TAMS 0x0000000607400000, 0x0000000607400000| Untracked 
|  15|0x0000000607800000, 0x0000000607800000, 0x0000000607c00000|  0%| F|  |TAMS 0x0000000607800000, 0x0000000607800000| Untracked 
|  16|0x0000000607c00000, 0x0000000607c00000, 0x0000000608000000|  0%| F|  |TAMS 0x0000000607c00000, 0x0000000607c00000| Untracked 
|  17|0x0000000608000000, 0x0000000608000000, 0x0000000608400000|  0%| F|  |TAMS 0x0000000608000000, 0x0000000608000000| Untracked 
|  18|0x0000000608400000, 0x0000000608400000, 0x0000000608800000|  0%| F|  |TAMS 0x0000000608400000, 0x0000000608400000| Untracked 
|  19|0x0000000608800000, 0x0000000608800000, 0x0000000608c00000|  0%| F|  |TAMS 0x0000000608800000, 0x0000000608800000| Untracked 
|  20|0x0000000608c00000, 0x0000000608c00000, 0x0000000609000000|  0%| F|  |TAMS 0x0000000608c00000, 0x0000000608c00000| Untracked 
|  21|0x0000000609000000, 0x0000000609000000, 0x0000000609400000|  0%| F|  |TAMS 0x0000000609000000, 0x0000000609000000| Untracked 
|  22|0x0000000609400000, 0x0000000609400000, 0x0000000609800000|  0%| F|  |TAMS 0x0000000609400000, 0x0000000609400000| Untracked 
|  23|0x0000000609800000, 0x0000000609800000, 0x0000000609c00000|  0%| F|  |TAMS 0x0000000609800000, 0x0000000609800000| Untracked 
|  24|0x0000000609c00000, 0x0000000609c00000, 0x000000060a000000|  0%| F|  |TAMS 0x0000000609c00000, 0x0000000609c00000| Untracked 
|  25|0x000000060a000000, 0x000000060a000000, 0x000000060a400000|  0%| F|  |TAMS 0x000000060a000000, 0x000000060a000000| Untracked 
|  26|0x000000060a400000, 0x000000060a400000, 0x000000060a800000|  0%| F|  |TAMS 0x000000060a400000, 0x000000060a400000| Untracked 
|  27|0x000000060a800000, 0x000000060a800000, 0x000000060ac00000|  0%| F|  |TAMS 0x000000060a800000, 0x000000060a800000| Untracked 
|  28|0x000000060ac00000, 0x000000060ac00000, 0x000000060b000000|  0%| F|  |TAMS 0x000000060ac00000, 0x000000060ac00000| Untracked 
|  29|0x000000060b000000, 0x000000060b000000, 0x000000060b400000|  0%| F|  |TAMS 0x000000060b000000, 0x000000060b000000| Untracked 
|  30|0x000000060b400000, 0x000000060b400000, 0x000000060b800000|  0%| F|  |TAMS 0x000000060b400000, 0x000000060b400000| Untracked 
|  31|0x000000060b800000, 0x000000060b800000, 0x000000060bc00000|  0%| F|  |TAMS 0x000000060b800000, 0x000000060b800000| Untracked 
|  32|0x000000060bc00000, 0x000000060bc00000, 0x000000060c000000|  0%| F|  |TAMS 0x000000060bc00000, 0x000000060bc00000| Untracked 
|  33|0x000000060c000000, 0x000000060c000000, 0x000000060c400000|  0%| F|  |TAMS 0x000000060c000000, 0x000000060c000000| Untracked 
|  34|0x000000060c400000, 0x000000060c400000, 0x000000060c800000|  0%| F|  |TAMS 0x000000060c400000, 0x000000060c400000| Untracked 
|  35|0x000000060c800000, 0x000000060c800000, 0x000000060cc00000|  0%| F|  |TAMS 0x000000060c800000, 0x000000060c800000| Untracked 
|  36|0x000000060cc00000, 0x000000060cc00000, 0x000000060d000000|  0%| F|  |TAMS 0x000000060cc00000, 0x000000060cc00000| Untracked 
|  37|0x000000060d000000, 0x000000060d000000, 0x000000060d400000|  0%| F|  |TAMS 0x000000060d000000, 0x000000060d000000| Untracked 
|  38|0x000000060d400000, 0x000000060d400000, 0x000000060d800000|  0%| F|  |TAMS 0x000000060d400000, 0x000000060d400000| Untracked 
|  39|0x000000060d800000, 0x000000060d800000, 0x000000060dc00000|  0%| F|  |TAMS 0x000000060d800000, 0x000000060d800000| Untracked 
|  40|0x000000060dc00000, 0x000000060dc00000, 0x000000060e000000|  0%| F|  |TAMS 0x000000060dc00000, 0x000000060dc00000| Untracked 
|  41|0x000000060e000000, 0x000000060e000000, 0x000000060e400000|  0%| F|  |TAMS 0x000000060e000000, 0x000000060e000000| Untracked 
|  42|0x000000060e400000, 0x000000060e400000, 0x000000060e800000|  0%| F|  |TAMS 0x000000060e400000, 0x000000060e400000| Untracked 
|  43|0x000000060e800000, 0x000000060e800000, 0x000000060ec00000|  0%| F|  |TAMS 0x000000060e800000, 0x000000060e800000| Untracked 
|  44|0x000000060ec00000, 0x000000060ec00000, 0x000000060f000000|  0%| F|  |TAMS 0x000000060ec00000, 0x000000060ec00000| Untracked 
|  45|0x000000060f000000, 0x000000060f000000, 0x000000060f400000|  0%| F|  |TAMS 0x000000060f000000, 0x000000060f000000| Untracked 
|  46|0x000000060f400000, 0x000000060f400000, 0x000000060f800000|  0%| F|  |TAMS 0x000000060f400000, 0x000000060f400000| Untracked 
|  47|0x000000060f800000, 0x000000060f800000, 0x000000060fc00000|  0%| F|  |TAMS 0x000000060f800000, 0x000000060f800000| Untracked 
|  48|0x000000060fc00000, 0x000000060fc00000, 0x0000000610000000|  0%| F|  |TAMS 0x000000060fc00000, 0x000000060fc00000| Untracked 
|  49|0x0000000610000000, 0x0000000610000000, 0x0000000610400000|  0%| F|  |TAMS 0x0000000610000000, 0x0000000610000000| Untracked 
|  50|0x0000000610400000, 0x0000000610400000, 0x0000000610800000|  0%| F|  |TAMS 0x0000000610400000, 0x0000000610400000| Untracked 
|  51|0x0000000610800000, 0x0000000610800000, 0x0000000610c00000|  0%| F|  |TAMS 0x0000000610800000, 0x0000000610800000| Untracked 
|  52|0x0000000610c00000, 0x0000000610c00000, 0x0000000611000000|  0%| F|  |TAMS 0x0000000610c00000, 0x0000000610c00000| Untracked 
|  53|0x0000000611000000, 0x0000000611000000, 0x0000000611400000|  0%| F|  |TAMS 0x0000000611000000, 0x0000000611000000| Untracked 
|  54|0x0000000611400000, 0x0000000611400000, 0x0000000611800000|  0%| F|  |TAMS 0x0000000611400000, 0x0000000611400000| Untracked 
|  55|0x0000000611800000, 0x0000000611800000, 0x0000000611c00000|  0%| F|  |TAMS 0x0000000611800000, 0x0000000611800000| Untracked 
|  56|0x0000000611c00000, 0x0000000611c00000, 0x0000000612000000|  0%| F|  |TAMS 0x0000000611c00000, 0x0000000611c00000| Untracked 
|  57|0x0000000612000000, 0x0000000612000000, 0x0000000612400000|  0%| F|  |TAMS 0x0000000612000000, 0x0000000612000000| Untracked 
|  58|0x0000000612400000, 0x0000000612400000, 0x0000000612800000|  0%| F|  |TAMS 0x0000000612400000, 0x0000000612400000| Untracked 
|  59|0x0000000612800000, 0x0000000612800000, 0x0000000612c00000|  0%| F|  |TAMS 0x0000000612800000, 0x0000000612800000| Untracked 
|  60|0x0000000612c00000, 0x0000000612c00000, 0x0000000613000000|  0%| F|  |TAMS 0x0000000612c00000, 0x0000000612c00000| Untracked 
|  61|0x0000000613000000, 0x0000000613000000, 0x0000000613400000|  0%| F|  |TAMS 0x0000000613000000, 0x0000000613000000| Untracked 
|  62|0x0000000613400000, 0x0000000613400000, 0x0000000613800000|  0%| F|  |TAMS 0x0000000613400000, 0x0000000613400000| Untracked 
|  63|0x0000000613800000, 0x0000000613800000, 0x0000000613c00000|  0%| F|  |TAMS 0x0000000613800000, 0x0000000613800000| Untracked 
|  64|0x0000000613c00000, 0x0000000613c00000, 0x0000000614000000|  0%| F|  |TAMS 0x0000000613c00000, 0x0000000613c00000| Untracked 
|  65|0x0000000614000000, 0x0000000614000000, 0x0000000614400000|  0%| F|  |TAMS 0x0000000614000000, 0x0000000614000000| Untracked 
|  66|0x0000000614400000, 0x0000000614400000, 0x0000000614800000|  0%| F|  |TAMS 0x0000000614400000, 0x0000000614400000| Untracked 
|  67|0x0000000614800000, 0x0000000614800000, 0x0000000614c00000|  0%| F|  |TAMS 0x0000000614800000, 0x0000000614800000| Untracked 
|  68|0x0000000614c00000, 0x0000000614c00000, 0x0000000615000000|  0%| F|  |TAMS 0x0000000614c00000, 0x0000000614c00000| Untracked 
|  69|0x0000000615000000, 0x0000000615000000, 0x0000000615400000|  0%| F|  |TAMS 0x0000000615000000, 0x0000000615000000| Untracked 
|  70|0x0000000615400000, 0x0000000615400000, 0x0000000615800000|  0%| F|  |TAMS 0x0000000615400000, 0x0000000615400000| Untracked 
|  71|0x0000000615800000, 0x0000000615800000, 0x0000000615c00000|  0%| F|  |TAMS 0x0000000615800000, 0x0000000615800000| Untracked 
|  72|0x0000000615c00000, 0x0000000615c00000, 0x0000000616000000|  0%| F|  |TAMS 0x0000000615c00000, 0x0000000615c00000| Untracked 
|  73|0x0000000616000000, 0x0000000616000000, 0x0000000616400000|  0%| F|  |TAMS 0x0000000616000000, 0x0000000616000000| Untracked 
|  74|0x0000000616400000, 0x0000000616400000, 0x0000000616800000|  0%| F|  |TAMS 0x0000000616400000, 0x0000000616400000| Untracked 
|  75|0x0000000616800000, 0x0000000616800000, 0x0000000616c00000|  0%| F|  |TAMS 0x0000000616800000, 0x0000000616800000| Untracked 
|  76|0x0000000616c00000, 0x0000000616c00000, 0x0000000617000000|  0%| F|  |TAMS 0x0000000616c00000, 0x0000000616c00000| Untracked 
|  77|0x0000000617000000, 0x0000000617000000, 0x0000000617400000|  0%| F|  |TAMS 0x0000000617000000, 0x0000000617000000| Untracked 
|  78|0x0000000617400000, 0x0000000617400000, 0x0000000617800000|  0%| F|  |TAMS 0x0000000617400000, 0x0000000617400000| Untracked 
|  79|0x0000000617800000, 0x0000000617800000, 0x0000000617c00000|  0%| F|  |TAMS 0x0000000617800000, 0x0000000617800000| Untracked 
|  80|0x0000000617c00000, 0x0000000617c00000, 0x0000000618000000|  0%| F|  |TAMS 0x0000000617c00000, 0x0000000617c00000| Untracked 
|  81|0x0000000618000000, 0x0000000618000000, 0x0000000618400000|  0%| F|  |TAMS 0x0000000618000000, 0x0000000618000000| Untracked 
|  82|0x0000000618400000, 0x0000000618400000, 0x0000000618800000|  0%| F|  |TAMS 0x0000000618400000, 0x0000000618400000| Untracked 
|  83|0x0000000618800000, 0x0000000618800000, 0x0000000618c00000|  0%| F|  |TAMS 0x0000000618800000, 0x0000000618800000| Untracked 
|  84|0x0000000618c00000, 0x0000000618c00000, 0x0000000619000000|  0%| F|  |TAMS 0x0000000618c00000, 0x0000000618c00000| Untracked 
|  85|0x0000000619000000, 0x0000000619000000, 0x0000000619400000|  0%| F|  |TAMS 0x0000000619000000, 0x0000000619000000| Untracked 
|  86|0x0000000619400000, 0x0000000619400000, 0x0000000619800000|  0%| F|  |TAMS 0x0000000619400000, 0x0000000619400000| Untracked 
|  87|0x0000000619800000, 0x0000000619800000, 0x0000000619c00000|  0%| F|  |TAMS 0x0000000619800000, 0x0000000619800000| Untracked 
|  88|0x0000000619c00000, 0x0000000619c00000, 0x000000061a000000|  0%| F|  |TAMS 0x0000000619c00000, 0x0000000619c00000| Untracked 
|  89|0x000000061a000000, 0x000000061a000000, 0x000000061a400000|  0%| F|  |TAMS 0x000000061a000000, 0x000000061a000000| Untracked 
|  90|0x000000061a400000, 0x000000061a400000, 0x000000061a800000|  0%| F|  |TAMS 0x000000061a400000, 0x000000061a400000| Untracked 
|  91|0x000000061a800000, 0x000000061a800000, 0x000000061ac00000|  0%| F|  |TAMS 0x000000061a800000, 0x000000061a800000| Untracked 
|  92|0x000000061ac00000, 0x000000061ac00000, 0x000000061b000000|  0%| F|  |TAMS 0x000000061ac00000, 0x000000061ac00000| Untracked 
|  93|0x000000061b000000, 0x000000061b000000, 0x000000061b400000|  0%| F|  |TAMS 0x000000061b000000, 0x000000061b000000| Untracked 
|  94|0x000000061b400000, 0x000000061b400000, 0x000000061b800000|  0%| F|  |TAMS 0x000000061b400000, 0x000000061b400000| Untracked 
|  95|0x000000061b800000, 0x000000061b800000, 0x000000061bc00000|  0%| F|  |TAMS 0x000000061b800000, 0x000000061b800000| Untracked 
|  96|0x000000061bc00000, 0x000000061bc00000, 0x000000061c000000|  0%| F|  |TAMS 0x000000061bc00000, 0x000000061bc00000| Untracked 
|  97|0x000000061c000000, 0x000000061c000000, 0x000000061c400000|  0%| F|  |TAMS 0x000000061c000000, 0x000000061c000000| Untracked 
|  98|0x000000061c400000, 0x000000061c400000, 0x000000061c800000|  0%| F|  |TAMS 0x000000061c400000, 0x000000061c400000| Untracked 
|  99|0x000000061c800000, 0x000000061c800000, 0x000000061cc00000|  0%| F|  |TAMS 0x000000061c800000, 0x000000061c800000| Untracked 
| 100|0x000000061cc00000, 0x000000061cc00000, 0x000000061d000000|  0%| F|  |TAMS 0x000000061cc00000, 0x000000061cc00000| Untracked 
| 101|0x000000061d000000, 0x000000061d000000, 0x000000061d400000|  0%| F|  |TAMS 0x000000061d000000, 0x000000061d000000| Untracked 
| 102|0x000000061d400000, 0x000000061d400000, 0x000000061d800000|  0%| F|  |TAMS 0x000000061d400000, 0x000000061d400000| Untracked 
| 103|0x000000061d800000, 0x000000061d800000, 0x000000061dc00000|  0%| F|  |TAMS 0x000000061d800000, 0x000000061d800000| Untracked 
| 104|0x000000061dc00000, 0x000000061dc00000, 0x000000061e000000|  0%| F|  |TAMS 0x000000061dc00000, 0x000000061dc00000| Untracked 
| 105|0x000000061e000000, 0x000000061e000000, 0x000000061e400000|  0%| F|  |TAMS 0x000000061e000000, 0x000000061e000000| Untracked 
| 106|0x000000061e400000, 0x000000061e400000, 0x000000061e800000|  0%| F|  |TAMS 0x000000061e400000, 0x000000061e400000| Untracked 
| 107|0x000000061e800000, 0x000000061e800000, 0x000000061ec00000|  0%| F|  |TAMS 0x000000061e800000, 0x000000061e800000| Untracked 
| 108|0x000000061ec00000, 0x000000061ec00000, 0x000000061f000000|  0%| F|  |TAMS 0x000000061ec00000, 0x000000061ec00000| Untracked 
| 109|0x000000061f000000, 0x000000061f000000, 0x000000061f400000|  0%| F|  |TAMS 0x000000061f000000, 0x000000061f000000| Untracked 
| 110|0x000000061f400000, 0x000000061f400000, 0x000000061f800000|  0%| F|  |TAMS 0x000000061f400000, 0x000000061f400000| Untracked 
| 111|0x000000061f800000, 0x000000061f800000, 0x000000061fc00000|  0%| F|  |TAMS 0x000000061f800000, 0x000000061f800000| Untracked 
| 112|0x000000061fc00000, 0x000000061fc00000, 0x0000000620000000|  0%| F|  |TAMS 0x000000061fc00000, 0x000000061fc00000| Untracked 
| 113|0x0000000620000000, 0x0000000620000000, 0x0000000620400000|  0%| F|  |TAMS 0x0000000620000000, 0x0000000620000000| Untracked 
| 114|0x0000000620400000, 0x0000000620400000, 0x0000000620800000|  0%| F|  |TAMS 0x0000000620400000, 0x0000000620400000| Untracked 
| 115|0x0000000620800000, 0x0000000620800000, 0x0000000620c00000|  0%| F|  |TAMS 0x0000000620800000, 0x0000000620800000| Untracked 
| 116|0x0000000620c00000, 0x0000000620c00000, 0x0000000621000000|  0%| F|  |TAMS 0x0000000620c00000, 0x0000000620c00000| Untracked 
| 117|0x0000000621000000, 0x0000000621000000, 0x0000000621400000|  0%| F|  |TAMS 0x0000000621000000, 0x0000000621000000| Untracked 
| 118|0x0000000621400000, 0x0000000621400000, 0x0000000621800000|  0%| F|  |TAMS 0x0000000621400000, 0x0000000621400000| Untracked 
| 119|0x0000000621800000, 0x0000000621800000, 0x0000000621c00000|  0%| F|  |TAMS 0x0000000621800000, 0x0000000621800000| Untracked 
| 120|0x0000000621c00000, 0x0000000621c00000, 0x0000000622000000|  0%| F|  |TAMS 0x0000000621c00000, 0x0000000621c00000| Untracked 
| 121|0x0000000622000000, 0x000000062224e458, 0x0000000622400000| 57%| S|CS|TAMS 0x0000000622000000, 0x0000000622000000| Complete 
| 122|0x0000000622400000, 0x0000000622400000, 0x0000000622800000|  0%| F|  |TAMS 0x0000000622400000, 0x0000000622400000| Untracked 
| 123|0x0000000622800000, 0x00000006229e7b88, 0x0000000622c00000| 47%| E|  |TAMS 0x0000000622800000, 0x0000000622800000| Complete 
| 124|0x0000000622c00000, 0x0000000623000000, 0x0000000623000000|100%| E|CS|TAMS 0x0000000622c00000, 0x0000000622c00000| Complete 
| 125|0x0000000623000000, 0x0000000623400000, 0x0000000623400000|100%| E|CS|TAMS 0x0000000623000000, 0x0000000623000000| Complete 
| 126|0x0000000623400000, 0x0000000623800000, 0x0000000623800000|100%| E|CS|TAMS 0x0000000623400000, 0x0000000623400000| Complete 
| 127|0x0000000623800000, 0x0000000623c00000, 0x0000000623c00000|100%| E|CS|TAMS 0x0000000623800000, 0x0000000623800000| Complete 

Card table byte_map: [0x0000016f8f000000,0x0000016f8fff0000] _byte_map_base: 0x0000016f8bfe2000

Marking Bits (Prev, Next): (CMBitMap*) 0x0000016ff618d630, (CMBitMap*) 0x0000016ff618d670
 Prev Bits: [0x0000016f90fe0000, 0x0000016f98ef0000)
 Next Bits: [0x0000016f98ef0000, 0x0000016fa0e00000)

Polling page: 0x0000016ff4090000

Metaspace:

Usage:
  Non-class:      5.81 MB used.
      Class:    323.31 KB used.
       Both:      6.12 MB used.

Virtual space:
  Non-class space:        8.00 MB reserved,       5.88 MB ( 73%) committed,  1 nodes.
      Class space:        1.00 GB reserved,     384.00 KB ( <1%) committed,  1 nodes.
             Both:        1.01 GB reserved,       6.25 MB ( <1%) committed. 

Chunk freelists:
   Non-Class:  80.00 KB
       Class:  3.56 MB
        Both:  3.64 MB

MaxMetaspaceSize: unlimited
CompressedClassSpaceSize: 1.00 GB
Initial GC threshold: 21.00 MB
Current GC threshold: 21.00 MB
CDS: on
MetaspaceReclaimPolicy: balanced
 - commit_granule_bytes: 65536.
 - commit_granule_words: 8192.
 - virtual_space_node_default_size: 1048576.
 - enlarge_chunks_in_place: 1.
 - new_chunks_are_fully_committed: 0.
 - uncommit_free_chunks: 1.
 - use_allocation_guard: 0.
 - handle_deallocations: 1.


Internal statistics:

num_allocs_failed_limit: 0.
num_arena_births: 58.
num_arena_deaths: 0.
num_vsnodes_births: 2.
num_vsnodes_deaths: 0.
num_space_committed: 98.
num_space_uncommitted: 0.
num_chunks_returned_to_freelist: 0.
num_chunks_taken_from_freelist: 217.
num_chunk_merges: 0.
num_chunk_splits: 160.
num_chunks_enlarged: 126.
num_purges: 0.
num_inconsistent_stats: 0.

CodeHeap 'non-profiled nmethods': size=119168Kb used=553Kb max_used=553Kb free=118614Kb
 bounds [0x0000016f87ba0000, 0x0000016f87e10000, 0x0000016f8f000000]
CodeHeap 'profiled nmethods': size=119104Kb used=2068Kb max_used=2068Kb free=117035Kb
 bounds [0x0000016f80750000, 0x0000016f809c0000, 0x0000016f87ba0000]
CodeHeap 'non-nmethods': size=7488Kb used=1582Kb max_used=3313Kb free=5905Kb
 bounds [0x0000016f80000000, 0x0000016f80340000, 0x0000016f80750000]
 total_blobs=2258 nmethods=1270 adapters=901
 compilation: enabled
              stopped_count=0, restarted_count=0
 full_count=0

Compilation events (20 events):
Event: 20.102 Thread 0x0000016fa39145f0 1261       4       Modules.Renderer::renderModel (77 bytes)
Event: 20.112 Thread 0x0000016fa39145f0 nmethod 1261 0x0000016f87c1f710 code [0x0000016f87c1f9a0, 0x0000016f87c20298]
Event: 24.618 Thread 0x0000016fa39145f0 1262       4       Modules.JobModule::renderJobs (83 bytes)
Event: 24.633 Thread 0x0000016fa39145f0 nmethod 1262 0x0000016f87c20f90 code [0x0000016f87c21280, 0x0000016f87c22598]
Event: 24.634 Thread 0x0000016fa39145f0 1263       4       org.lwjgl.glfw.GLFW::glfwSwapBuffers (21 bytes)
Event: 24.634 Thread 0x0000016fa39145f0 nmethod 1263 0x0000016f87c23710 code [0x0000016f87c238a0, 0x0000016f87c23948]
Event: 25.194 Thread 0x0000016fa39145f0 1264       4       Modules.Window::update (17 bytes)
Event: 25.196 Thread 0x0000016fa39145f0 nmethod 1264 0x0000016f87c23a10 code [0x0000016f87c23ba0, 0x0000016f87c23cc8]
Event: 26.608 Thread 0x0000016fa39145f0 1265       4       Modules.math.Quaternion::<init> (25 bytes)
Event: 26.608 Thread 0x0000016fa39145f0 nmethod 1265 0x0000016f87c23e90 code [0x0000016f87c24000, 0x0000016f87c24098]
Event: 26.617 Thread 0x0000016fa39145f0 1266       4       Modules.JobModule::updateJobs (82 bytes)
Event: 26.652 Thread 0x0000016fa39145f0 nmethod 1266 0x0000016f87c24190 code [0x0000016f87c24400, 0x0000016f87c269e8]
Event: 26.652 Thread 0x0000016fa39145f0 1267       4       Modules.JobModule$1::code (806 bytes)
Event: 26.926 Thread 0x0000016fa39145f0 nmethod 1267 0x0000016f87c27910 code [0x0000016f87c27c00, 0x0000016f87c29040]
Event: 29.102 Thread 0x0000016fa39145f0 1268       4       Modules.Window::isClosed (19 bytes)
Event: 29.103 Thread 0x0000016fa39145f0 nmethod 1268 0x0000016f87c29b10 code [0x0000016f87c29ca0, 0x0000016f87c29d88]
Event: 29.103 Thread 0x0000016fa39145f0 1269       4       org.lwjgl.glfw.GLFW::glfwWindowShouldClose (29 bytes)
Event: 29.103 Thread 0x0000016fa39145f0 nmethod 1269 0x0000016f87c29e90 code [0x0000016f87c2a020, 0x0000016f87c2a0e8]
Event: 31.560 Thread 0x0000016fa39145f0 1270   !   4       Modules.Engine::sleep (52 bytes)
Event: 31.561 Thread 0x0000016fa39145f0 nmethod 1270 0x0000016f87c2a210 code [0x0000016f87c2a3e0, 0x0000016f87c2a5a8]

GC Heap History (2 events):
Event: 0.642 GC heap before
{Heap before GC invocations=0 (full 0):
 garbage-first heap   total 524288K, used 24576K [0x0000000603c00000, 0x0000000800000000)
  region size 4096K, 6 young (24576K), 0 survivors (0K)
 Metaspace       used 5945K, committed 6144K, reserved 1056768K
  class space    used 306K, committed 384K, reserved 1048576K
}
Event: 0.646 GC heap after
{Heap after GC invocations=1 (full 0):
 garbage-first heap   total 524288K, used 2361K [0x0000000603c00000, 0x0000000800000000)
  region size 4096K, 1 young (4096K), 1 survivors (4096K)
 Metaspace       used 5945K, committed 6144K, reserved 1056768K
  class space    used 306K, committed 384K, reserved 1048576K
}

Deoptimization events (20 events):
Event: 0.629 Thread 0x0000016ff6113f90 DEOPT PACKING pc=0x0000016f8078bf3e sp=0x0000005475afe7d0
Event: 0.629 Thread 0x0000016ff6113f90 DEOPT UNPACKING pc=0x0000016f80056763 sp=0x0000005475afdc70 mode 0
Event: 0.629 Thread 0x0000016ff6113f90 DEOPT PACKING pc=0x0000016f8078627e sp=0x0000005475afec00
Event: 0.629 Thread 0x0000016ff6113f90 DEOPT UNPACKING pc=0x0000016f80056763 sp=0x0000005475afe070 mode 0
Event: 0.631 Thread 0x0000016ff6113f90 DEOPT PACKING pc=0x0000016f8078bf3e sp=0x0000005475afe7d0
Event: 0.631 Thread 0x0000016ff6113f90 DEOPT UNPACKING pc=0x0000016f80056763 sp=0x0000005475afdc70 mode 0
Event: 0.631 Thread 0x0000016ff6113f90 DEOPT PACKING pc=0x0000016f8078627e sp=0x0000005475afec00
Event: 0.631 Thread 0x0000016ff6113f90 DEOPT UNPACKING pc=0x0000016f80056763 sp=0x0000005475afe070 mode 0
Event: 0.633 Thread 0x0000016ff6113f90 DEOPT PACKING pc=0x0000016f8078bf3e sp=0x0000005475afe7d0
Event: 0.633 Thread 0x0000016ff6113f90 DEOPT UNPACKING pc=0x0000016f80056763 sp=0x0000005475afdc70 mode 0
Event: 0.633 Thread 0x0000016ff6113f90 DEOPT PACKING pc=0x0000016f8078627e sp=0x0000005475afec00
Event: 0.633 Thread 0x0000016ff6113f90 DEOPT UNPACKING pc=0x0000016f80056763 sp=0x0000005475afe070 mode 0
Event: 0.635 Thread 0x0000016ff6113f90 DEOPT PACKING pc=0x0000016f8078bf3e sp=0x0000005475afe7d0
Event: 0.635 Thread 0x0000016ff6113f90 DEOPT UNPACKING pc=0x0000016f80056763 sp=0x0000005475afdc70 mode 0
Event: 0.636 Thread 0x0000016ff6113f90 DEOPT PACKING pc=0x0000016f8078bf3e sp=0x0000005475afe7d0
Event: 0.636 Thread 0x0000016ff6113f90 DEOPT UNPACKING pc=0x0000016f80056763 sp=0x0000005475afdc70 mode 0
Event: 0.638 Thread 0x0000016ff6113f90 DEOPT PACKING pc=0x0000016f8078bf3e sp=0x0000005475afe7d0
Event: 0.638 Thread 0x0000016ff6113f90 DEOPT UNPACKING pc=0x0000016f80056763 sp=0x0000005475afdc70 mode 0
Event: 0.639 Thread 0x0000016ff6113f90 DEOPT PACKING pc=0x0000016f8078bf3e sp=0x0000005475afe7d0
Event: 0.639 Thread 0x0000016ff6113f90 DEOPT UNPACKING pc=0x0000016f80056763 sp=0x0000005475afdc70 mode 0

Classes unloaded (0 events):
No events

Classes redefined (0 events):
No events

Internal exceptions (14 events):
Event: 0.111 Thread 0x0000016fa3c1dcc0 Exception <a 'java/lang/NoSuchMethodError'{0x0000000623bdd720}: 'java.lang.Object java.lang.invoke.DirectMethodHandle$Holder.invokeStaticInit(java.lang.Object)'> (0x0000000623bdd720) 
thrown [t:\workspace\open\src\hotspot\share\interpreter\linkResolver.cpp, line 766]
Event: 0.115 Thread 0x0000016fa3c1dcc0 Exception <a 'java/lang/NoSuchMethodError'{0x0000000623beb430}: 'void java.lang.invoke.DirectMethodHandle$Holder.invokeStatic(java.lang.Object, java.lang.Object)'> (0x0000000623beb430) 
thrown [t:\workspace\open\src\hotspot\share\interpreter\linkResolver.cpp, line 766]
Event: 0.134 Thread 0x0000016ff6113f90 Exception <a 'java/lang/NoSuchMethodError'{0x00000006234d2858}: 'void java.lang.invoke.DirectMethodHandle$Holder.invokeSpecial(java.lang.Object, java.lang.Object, java.lang.Object)'> (0x00000006234d2858) 
thrown [t:\workspace\open\src\hotspot\share\interpreter\linkResolver.cpp, line 766]
Event: 0.137 Thread 0x0000016ff6113f90 Exception <a 'java/lang/NoSuchMethodError'{0x00000006234e55f0}: 'java.lang.Object java.lang.invoke.DirectMethodHandle$Holder.invokeStatic(java.lang.Object, java.lang.Object, int)'> (0x00000006234e55f0) 
thrown [t:\workspace\open\src\hotspot\share\interpreter\linkResolver.cpp, line 766]
Event: 0.138 Thread 0x0000016ff6113f90 Exception <a 'java/lang/NoSuchMethodError'{0x00000006234f1360}: 'void java.lang.invoke.DelegatingMethodHandle$Holder.delegate(java.lang.Object, java.lang.Object, int, java.lang.Object)'> (0x00000006234f1360) 
thrown [t:\workspace\open\src\hotspot\share\interpreter\linkResolver.cpp, line 766]
Event: 0.139 Thread 0x0000016ff6113f90 Exception <a 'java/lang/NoSuchMethodError'{0x00000006234f5398}: 'int java.lang.invoke.DirectMethodHandle$Holder.invokeSpecial(java.lang.Object, java.lang.Object, java.lang.Object)'> (0x00000006234f5398) 
thrown [t:\workspace\open\src\hotspot\share\interpreter\linkResolver.cpp, line 766]
Event: 0.164 Thread 0x0000016ff6113f90 Exception <a 'sun/nio/fs/WindowsException'{0x00000006235e8410}> (0x00000006235e8410) 
thrown [t:\workspace\open\src\hotspot\share\prims\jni.cpp, line 516]
Event: 0.164 Thread 0x0000016ff6113f90 Exception <a 'sun/nio/fs/WindowsException'{0x00000006235e8968}> (0x00000006235e8968) 
thrown [t:\workspace\open\src\hotspot\share\prims\jni.cpp, line 516]
Event: 0.171 Thread 0x0000016ff6113f90 Exception <a 'sun/nio/fs/WindowsException'{0x00000006235fc320}> (0x00000006235fc320) 
thrown [t:\workspace\open\src\hotspot\share\prims\jni.cpp, line 516]
Event: 0.171 Thread 0x0000016ff6113f90 Exception <a 'sun/nio/fs/WindowsException'{0x00000006235fc690}> (0x00000006235fc690) 
thrown [t:\workspace\open\src\hotspot\share\prims\jni.cpp, line 516]
Event: 0.341 Thread 0x0000016ff6113f90 Exception <a 'sun/nio/fs/WindowsException'{0x00000006236eb500}> (0x00000006236eb500) 
thrown [t:\workspace\open\src\hotspot\share\prims\jni.cpp, line 516]
Event: 0.341 Thread 0x0000016ff6113f90 Exception <a 'sun/nio/fs/WindowsException'{0x00000006236eb8b0}> (0x00000006236eb8b0) 
thrown [t:\workspace\open\src\hotspot\share\prims\jni.cpp, line 516]
Event: 0.347 Thread 0x0000016ff6113f90 Exception <a 'sun/nio/fs/WindowsException'{0x00000006236f2630}> (0x00000006236f2630) 
thrown [t:\workspace\open\src\hotspot\share\prims\jni.cpp, line 516]
Event: 0.347 Thread 0x0000016ff6113f90 Exception <a 'sun/nio/fs/WindowsException'{0x00000006236f2918}> (0x00000006236f2918) 
thrown [t:\workspace\open\src\hotspot\share\prims\jni.cpp, line 516]

VM Operations (20 events):
Event: 0.055 Executing VM operation: HandshakeAllThreads done
Event: 0.110 Executing VM operation: HandshakeAllThreads
Event: 0.110 Executing VM operation: HandshakeAllThreads done
Event: 0.150 Executing VM operation: HandshakeAllThreads
Event: 0.150 Executing VM operation: HandshakeAllThreads done
Event: 0.164 Executing VM operation: HandshakeAllThreads
Event: 0.164 Executing VM operation: HandshakeAllThreads done
Event: 0.642 Executing VM operation: G1CollectForAllocation
Event: 0.646 Executing VM operation: G1CollectForAllocation done
Event: 2.645 Executing VM operation: Cleanup
Event: 2.645 Executing VM operation: Cleanup done
Event: 4.646 Executing VM operation: Cleanup
Event: 4.646 Executing VM operation: Cleanup done
Event: 6.646 Executing VM operation: Cleanup
Event: 6.646 Executing VM operation: Cleanup done
Event: 13.658 Executing VM operation: Cleanup
Event: 13.658 Executing VM operation: Cleanup done
Event: 16.659 Executing VM operation: Cleanup
Event: 16.659 Executing VM operation: Cleanup done
Event: 32.420 Executing VM operation: Exit

Events (20 events):
Event: 1.070 loading class sun/util/locale/provider/BaseLocaleDataMetaInfo done
Event: 1.073 loading class sun/util/resources/cldr/TimeZoneNames
Event: 1.073 loading class sun/util/resources/TimeZoneNamesBundle
Event: 1.073 loading class sun/util/resources/OpenListResourceBundle
Event: 1.073 loading class sun/util/resources/OpenListResourceBundle done
Event: 1.073 loading class sun/util/resources/TimeZoneNamesBundle done
Event: 1.073 loading class sun/util/resources/cldr/TimeZoneNames done
Event: 1.073 loading class sun/util/resources/cldr/TimeZoneNames_en
Event: 1.074 loading class sun/util/resources/cldr/TimeZoneNames_en done
Event: 1.074 loading class sun/util/resources/cldr/TimeZoneNames_en_US
Event: 1.074 loading class sun/util/resources/cldr/TimeZoneNames_en_US done
Event: 1.074 loading class java/util/LinkedHashMap$LinkedKeySet
Event: 1.074 loading class java/util/LinkedHashMap$LinkedKeySet done
Event: 2.447 Thread 0x0000016fa3a57de0 Thread exited: 0x0000016fa3a57de0
Event: 2.447 Thread 0x0000016fa3a576a0 Thread exited: 0x0000016fa3a576a0
Event: 3.070 Thread 0x0000016fa39b8ad0 Thread exited: 0x0000016fa39b8ad0
Event: 32.419 loading class jdk/internal/misc/Signal$1
Event: 32.419 loading class jdk/internal/misc/Signal$1 done
Event: 32.419 Thread 0x0000016fa3e3fdf0 Thread added: 0x0000016fa3e3fdf0
Event: 32.420 Thread 0x0000016fa390d830 Thread exited: 0x0000016fa390d830


Dynamic libraries:
0x00007ff7be040000 - 0x00007ff7be050000 	C:\Program Files\Java\jdk-17.0.1\bin\java.exe
0x00007fffbc210000 - 0x00007fffbc427000 	C:\WINDOWS\SYSTEM32\ntdll.dll
0x00007fffbb3b0000 - 0x00007fffbb474000 	C:\WINDOWS\System32\KERNEL32.DLL
0x00007fffb98b0000 - 0x00007fffb9c57000 	C:\WINDOWS\System32\KERNELBASE.dll
0x00007fffb9640000 - 0x00007fffb9751000 	C:\WINDOWS\System32\ucrtbase.dll
0x00007fffaf490000 - 0x00007fffaf4a8000 	C:\Program Files\Java\jdk-17.0.1\bin\jli.dll
0x00007fffa6f80000 - 0x00007fffa6f9a000 	C:\Program Files\Java\jdk-17.0.1\bin\VCRUNTIME140.dll
0x00007fffbba20000 - 0x00007fffbbad2000 	C:\WINDOWS\System32\ADVAPI32.dll
0x00007fffba7a0000 - 0x00007fffba847000 	C:\WINDOWS\System32\msvcrt.dll
0x00007fffbb970000 - 0x00007fffbba18000 	C:\WINDOWS\System32\sechost.dll
0x00007fffb9760000 - 0x00007fffb9788000 	C:\WINDOWS\System32\bcrypt.dll
0x00007fffbb110000 - 0x00007fffbb225000 	C:\WINDOWS\System32\RPCRT4.dll
0x00007fffbac80000 - 0x00007fffbae2e000 	C:\WINDOWS\System32\USER32.dll
0x00007fffb9d20000 - 0x00007fffb9d46000 	C:\WINDOWS\System32\win32u.dll
0x00007fffbb300000 - 0x00007fffbb329000 	C:\WINDOWS\System32\GDI32.dll
0x00007fffa7100000 - 0x00007fffa7393000 	C:\WINDOWS\WinSxS\amd64_microsoft.windows.common-controls_6595b64144ccf1df_6.0.22621.3527_none_270e469b73872a76\COMCTL32.dll
0x00007fffb9790000 - 0x00007fffb98a9000 	C:\WINDOWS\System32\gdi32full.dll
0x00007fffb95a0000 - 0x00007fffb963a000 	C:\WINDOWS\System32\msvcp_win.dll
0x00007fffae880000 - 0x00007fffae88a000 	C:\WINDOWS\SYSTEM32\VERSION.dll
0x00007fffbbc40000 - 0x00007fffbbc71000 	C:\WINDOWS\System32\IMM32.DLL
0x00007fffb1ca0000 - 0x00007fffb1cac000 	C:\Program Files\Java\jdk-17.0.1\bin\vcruntime140_1.dll
0x00007fff9a8d0000 - 0x00007fff9a95d000 	C:\Program Files\Java\jdk-17.0.1\bin\msvcp140.dll
0x00007fff3ade0000 - 0x00007fff3b99e000 	C:\Program Files\Java\jdk-17.0.1\bin\server\jvm.dll
0x00007fffbb960000 - 0x00007fffbb968000 	C:\WINDOWS\System32\PSAPI.DLL
0x00007fff8d100000 - 0x00007fff8d109000 	C:\WINDOWS\SYSTEM32\WSOCK32.dll
0x00007fffba970000 - 0x00007fffba9e1000 	C:\WINDOWS\System32\WS2_32.dll
0x00007fffaf3c0000 - 0x00007fffaf3f4000 	C:\WINDOWS\SYSTEM32\WINMM.dll
0x00007fffb8620000 - 0x00007fffb8638000 	C:\WINDOWS\SYSTEM32\kernel.appcore.dll
0x00007fffb0620000 - 0x00007fffb062a000 	C:\Program Files\Java\jdk-17.0.1\bin\jimage.dll
0x00007fffb6e20000 - 0x00007fffb7052000 	C:\WINDOWS\SYSTEM32\DBGHELP.DLL
0x00007fffbbc80000 - 0x00007fffbc008000 	C:\WINDOWS\System32\combase.dll
0x00007fffba9f0000 - 0x00007fffbaac7000 	C:\WINDOWS\System32\OLEAUT32.dll
0x00007fffa6930000 - 0x00007fffa6962000 	C:\WINDOWS\SYSTEM32\dbgcore.DLL
0x00007fffb9d50000 - 0x00007fffb9dc9000 	C:\WINDOWS\System32\bcryptPrimitives.dll
0x00007fffaf1b0000 - 0x00007fffaf1be000 	C:\Program Files\Java\jdk-17.0.1\bin\instrument.dll
0x00007fffa67d0000 - 0x00007fffa67f5000 	C:\Program Files\Java\jdk-17.0.1\bin\java.dll
0x00007fff7e1a0000 - 0x00007fff7e276000 	C:\Program Files\Java\jdk-17.0.1\bin\svml.dll
0x00007fffb9f40000 - 0x00007fffba79c000 	C:\WINDOWS\System32\SHELL32.dll
0x00007fffb7430000 - 0x00007fffb7d26000 	C:\WINDOWS\SYSTEM32\windows.storage.dll
0x00007fffb72f0000 - 0x00007fffb742e000 	C:\WINDOWS\SYSTEM32\wintypes.dll
0x00007fffbb010000 - 0x00007fffbb105000 	C:\WINDOWS\System32\SHCORE.dll
0x00007fffbb900000 - 0x00007fffbb95e000 	C:\WINDOWS\System32\shlwapi.dll
0x00007fffb9460000 - 0x00007fffb9481000 	C:\WINDOWS\SYSTEM32\profapi.dll
0x00007fffa16c0000 - 0x00007fffa16d8000 	C:\Program Files\Java\jdk-17.0.1\bin\zip.dll
0x00007fffa67b0000 - 0x00007fffa67c9000 	C:\Program Files\Java\jdk-17.0.1\bin\net.dll
0x00007fffafbd0000 - 0x00007fffafd06000 	C:\WINDOWS\SYSTEM32\WINHTTP.dll
0x00007fffb8ab0000 - 0x00007fffb8b19000 	C:\WINDOWS\system32\mswsock.dll
0x00007fffa6630000 - 0x00007fffa6645000 	C:\Program Files\Java\jdk-17.0.1\bin\nio.dll
0x00007fff9a8b0000 - 0x00007fff9a8ca000 	C:\Program Files\JetBrains\IntelliJ IDEA Community Edition 2021.3.1\bin\breakgen64.dll
0x00007fff7ace0000 - 0x00007fff7ad44000 	C:\Users\teibe\AppData\Local\Temp\lwjglteibe\3.2.3-build-13\lwjgl.dll
0x00007fff6f4e0000 - 0x00007fff6f542000 	C:\Users\teibe\AppData\Local\Temp\lwjglteibe\3.2.3-build-13\glfw.dll
0x00007fffb3cb0000 - 0x00007fffb3d5b000 	C:\WINDOWS\system32\uxtheme.dll
0x00007fff7b910000 - 0x00007fff7b956000 	C:\WINDOWS\SYSTEM32\dinput8.dll
0x00007fff66b20000 - 0x00007fff66b31000 	C:\WINDOWS\SYSTEM32\xinput1_4.dll
0x00007fffb91e0000 - 0x00007fffb920c000 	C:\WINDOWS\SYSTEM32\DEVOBJ.dll
0x00007fffb9230000 - 0x00007fffb927e000 	C:\WINDOWS\SYSTEM32\cfgmgr32.dll
0x00007fffb3f30000 - 0x00007fffb3f5b000 	C:\WINDOWS\SYSTEM32\dwmapi.dll
0x00007fff982e0000 - 0x00007fff984ec000 	C:\WINDOWS\SYSTEM32\inputhost.dll
0x00007fffb37b0000 - 0x00007fffb38e3000 	C:\WINDOWS\SYSTEM32\CoreMessaging.dll
0x00007fffbbae0000 - 0x00007fffbbc33000 	C:\WINDOWS\System32\MSCTF.dll
0x00007fffb8d30000 - 0x00007fffb8d3c000 	C:\WINDOWS\SYSTEM32\CRYPTBASE.DLL
0x00007fffb7d30000 - 0x00007fffb7d3e000 	C:\WINDOWS\SYSTEM32\HID.DLL
0x00007fffbb480000 - 0x00007fffbb8f4000 	C:\WINDOWS\System32\SETUPAPI.DLL
0x00007fffb9530000 - 0x00007fffb959b000 	C:\WINDOWS\System32\WINTRUST.dll
0x00007fffb9dd0000 - 0x00007fffb9f38000 	C:\WINDOWS\System32\CRYPT32.dll
0x00007fffb91c0000 - 0x00007fffb91d2000 	C:\WINDOWS\SYSTEM32\MSASN1.dll
0x00007fff9a590000 - 0x00007fff9a5a1000 	C:\Windows\System32\pid.dll
0x00007fff96570000 - 0x00007fff96670000 	C:\WINDOWS\SYSTEM32\opengl32.dll
0x00007fff96540000 - 0x00007fff9656d000 	C:\WINDOWS\SYSTEM32\GLU32.dll
0x00007fffb6680000 - 0x00007fffb66b9000 	C:\WINDOWS\SYSTEM32\dxcore.dll
0x00007fffaf710000 - 0x00007fffaf75a000 	C:\WINDOWS\SYSTEM32\directxdatabasehelper.dll
0x00007fffba850000 - 0x00007fffba900000 	C:\WINDOWS\System32\clbcatq.dll
0x00007fff2d720000 - 0x00007fff2e6be000 	C:\WINDOWS\System32\DriverStore\FileRepository\iigd_dch.inf_amd64_ae60530005dda925\igxelpicd64.dll
0x00007fffbaad0000 - 0x00007fffbac75000 	C:\WINDOWS\System32\ole32.dll
0x00007fffb3e20000 - 0x00007fffb3f17000 	C:\WINDOWS\system32\dxgi.dll
0x00007fff2d2a0000 - 0x00007fff2d713000 	C:\WINDOWS\System32\DriverStore\FileRepository\iigd_dch.inf_amd64_ae60530005dda925\igdml64.dll
0x00007fffa8940000 - 0x00007fffa8d0d000 	C:\WINDOWS\System32\DriverStore\FileRepository\iigd_dch.inf_amd64_ae60530005dda925\igdgmm64.dll
0x00007fffa1d90000 - 0x00007fffa4acb000 	C:\WINDOWS\System32\DriverStore\FileRepository\iigd_dch.inf_amd64_ae60530005dda925\igc64.dll
0x00007fffb8380000 - 0x00007fffb83cd000 	C:\WINDOWS\SYSTEM32\powrprof.dll
0x00007fffb8360000 - 0x00007fffb8373000 	C:\WINDOWS\SYSTEM32\UMPDC.dll
0x00007fff6cd00000 - 0x00007fff6cd59000 	C:\Users\teibe\AppData\Local\Temp\lwjglteibe\3.2.3-build-13\lwjgl_opengl.dll
0x00007fff94bb0000 - 0x00007fff94cfb000 	C:\WINDOWS\SYSTEM32\textinputframework.dll
0x00007fffacc70000 - 0x00007fffacfdc000 	C:\WINDOWS\SYSTEM32\CoreUIComponents.dll

dbghelp: loaded successfully - version: 4.0.5 - missing functions: none
symbol engine: initialized successfully - sym options: 0x614 - pdb path: .;C:\Program Files\Java\jdk-17.0.1\bin;C:\WINDOWS\SYSTEM32;C:\WINDOWS\WinSxS\amd64_microsoft.windows.common-controls_6595b64144ccf1df_6.0.22621.3527_none_270e469b73872a76;C:\Program Files\Java\jdk-17.0.1\bin\server;C:\Program Files\JetBrains\IntelliJ IDEA Community Edition 2021.3.1\bin;C:\Users\teibe\AppData\Local\Temp\lwjglteibe\3.2.3-build-13;C:\WINDOWS\System32\DriverStore\FileRepository\iigd_dch.inf_amd64_ae60530005dda925

VM Arguments:
jvm_args: -javaagent:C:\Program Files\JetBrains\IntelliJ IDEA Community Edition 2021.3.1\lib\idea_rt.jar=51291:C:\Program Files\JetBrains\IntelliJ IDEA Community Edition 2021.3.1\bin -Dfile.encoding=UTF-8 
java_command: Instance.Main
java_class_path (initial): C:\Users\teibe\code\Java\Graphicsv3\out\production\Graphicsv3;C:\winbin\lwjgl-opengl\lwjgl-assimp-natives-windows.jar;C:\winbin\lwjgl-opengl\lwjgl-assimp.jar;C:\winbin\lwjgl-opengl\lwjgl-glfw-natives-windows.jar;C:\winbin\lwjgl-opengl\lwjgl-glfw.jar;C:\winbin\lwjgl-opengl\lwjgl-natives-windows.jar;C:\winbin\lwjgl-opengl\lwjgl-openal-natives-windows.jar;C:\winbin\lwjgl-opengl\lwjgl-openal.jar;C:\winbin\lwjgl-opengl\lwjgl-opengl-natives-windows.jar;C:\winbin\lwjgl-opengl\lwjgl-opengl.jar;C:\winbin\lwjgl-opengl\lwjgl-stb-natives-windows.jar;C:\winbin\lwjgl-opengl\lwjgl-stb.jar;C:\winbin\lwjgl-opengl\lwjgl.jar
Launcher Type: SUN_STANDARD

[Global flags]
     intx CICompilerCount                          = 12                                        {product} {ergonomic}
     uint ConcGCThreads                            = 3                                         {product} {ergonomic}
     uint G1ConcRefinementThreads                  = 13                                        {product} {ergonomic}
   size_t G1HeapRegionSize                         = 4194304                                   {product} {ergonomic}
    uintx GCDrainStackTargetSize                   = 64                                        {product} {ergonomic}
   size_t InitialHeapSize                          = 536870912                                 {product} {ergonomic}
   size_t MarkStackSize                            = 4194304                                   {product} {ergonomic}
   size_t MaxHeapSize                              = 8527020032                                {product} {ergonomic}
   size_t MaxNewSize                               = 5112856576                                {product} {ergonomic}
   size_t MinHeapDeltaBytes                        = 4194304                                   {product} {ergonomic}
   size_t MinHeapSize                              = 8388608                                   {product} {ergonomic}
    uintx NonNMethodCodeHeapSize                   = 7602480                                {pd product} {ergonomic}
    uintx NonProfiledCodeHeapSize                  = 122027880                              {pd product} {ergonomic}
    uintx ProfiledCodeHeapSize                     = 122027880                              {pd product} {ergonomic}
    uintx ReservedCodeCacheSize                    = 251658240                              {pd product} {ergonomic}
     bool SegmentedCodeCache                       = true                                      {product} {ergonomic}
   size_t SoftMaxHeapSize                          = 8527020032                             {manageable} {ergonomic}
     bool UseCompressedClassPointers               = true                           {product lp64_product} {ergonomic}
     bool UseCompressedOops                        = true                           {product lp64_product} {ergonomic}
     bool UseG1GC                                  = true                                      {product} {ergonomic}
     bool UseLargePagesIndividualAllocation        = false                                  {pd product} {ergonomic}

Logging:
Log output configuration:
 #0: stdout all=off uptime,level,tags
 #1: stderr all=off uptime,level,tags

Environment Variables:
JAVA_HOME=C:\Program Files\Java\jdk-17.0.1
PATH=C:\Program Files\Python312\Scripts\;C:\Program Files\Python312\;C:\Program Files\NVIDIA GPU Computing Toolkit\CUDA\v12.3\bin;C:\Program Files\NVIDIA GPU Computing Toolkit\CUDA\v12.3\libnvvp;C:\Program Files (x86)\Intel\oneAPI\tbb\latest\redist\intel64\vc_mt\;C:\Program Files (x86)\Intel\oneAPI\tbb\latest\redist\ia32\vc_mt\;C:\Program Files (x86)\Intel\oneAPI\compiler\latest\windows\redist\intel64_win\compiler;C:\Program Files (x86)\Intel\oneAPI\compiler\latest\windows\redist\ia32_win\compiler;C:\Users\teibe\AppData\Local\ActiveState\StateTool\release\bin;C:\Program Files (x86)\Razer Chroma SDK\bin;C:\Program Files\Razer Chroma SDK\bin;C:\Program Files (x86)\Razer\ChromaBroadcast\bin;C:\Program Files\Razer\ChromaBroadcast\bin;C:\Program Files\Oculus\Support\oculus-runtime;C:\Program Files\Common Files\Oracle\Java\javapath;C:\Program Files (x86)\Common Files\Oracle\Java\javapath;C:\Program Files\Python310\;C:\Windows\system32;C:\Windows;C:\Windows\System32\Wbem;C:\Windows\System32\WindowsPowerShell\v1.0\;C:\Windows\System32\OpenSSH\;C:\Program Files (x86)\NVIDIA Corporation\PhysX\Common;C:\Program Files\NVIDIA Corporation\NVIDIA NvDLISR;C:\Program Files\nodejs\;C:\ProgramData\chocolatey\bin;C:\Program Files\Git\cmd;C:\Program Files\elevate kliu\;C:\Windows\system32\config\systemprofile\AppData\Local\Microsoft\WindowsApps;C:\Shell Programs;C:\Program Files\PuTTY\;C:\WINDOWS\system32;C:\WINDOWS;C:\WINDOWS\System32\Wbem;C:\WINDOWS\System32\WindowsPowerShell\v1.0\;C:\WINDOWS\System32\OpenSSH\;C:\Program Files\Java\jdk-17.0.1\bin\;C:\Program Files (x86)\apache-ant-1.9.16\bin;C:\Users\teibe\AppData\Roaming\Python\Python310\Scripts;C:\Users\teibe\AppData\Roaming\Python\Python310;C:\Program Files\NVIDIA Corporation\Nsight Compute 2023.3.1\;C:\Users\teibe\AppData\Roaming\Python\Python312\Scripts;C:\Program Files\Python310\Scripts\;;C:\Program Files\Docker\Docker\resources\bin;C:\Users\teibe\AppData\Local\Microsoft\WindowsApps;C:\Users\teibe\AppData\Roaming\npm;C:\Users\teibe
USERNAME=teibe
OS=Windows_NT
PROCESSOR_IDENTIFIER=Intel64 Family 6 Model 141 Stepping 1, GenuineIntel



---------------  S Y S T E M  ---------------

OS:
 Windows 10 , 64 bit Build 22621 (10.0.22621.3527)
OS uptime: 17 days 16:36 hours
Hyper-V role detected

CPU: total 16 (initial active 16) (8 cores per cpu, 2 threads per core) family 6 model 141 stepping 1 microcode 0x34, cx8, cmov, fxsr, ht, mmx, 3dnowpref, sse, sse2, sse3, ssse3, sse4.1, sse4.2, popcnt, lzcnt, tsc, tscinvbit, avx, avx2, aes, erms, clmul, bmi1, bmi2, adx, avx512f, avx512dq, avx512cd, avx512bw, avx512vl, sha, fma, vzeroupper, avx512_vpopcntdq, avx512_vpclmulqdq, avx512_vaes, avx512_vnni, clflush, clflushopt, clwb, avx512_vbmi2, avx512_vbmi, hv

Memory: 4k page, system-wide physical 32515M (16850M free)
TotalPageFile size 34563M (AvailPageFile size 10051M)
current process WorkingSet (physical memory assigned to process): 205M, peak: 216M
current process commit charge ("private bytes"): 707M, peak: 719M

vm_info: Java HotSpot(TM) 64-Bit Server VM (17.0.1+12-LTS-39) for windows-amd64 JRE (17.0.1+12-LTS-39), built on Sep 27 2021 18:41:35 by "mach5one" with MS VC++ 16.8 (VS2019)

END.
