#
# A fatal error has been detected by the Java Runtime Environment:
#
#  EXCEPTION_ACCESS_VIOLATION (0xc0000005) at pc=0x00007fff1fd3a176, pid=9864, tid=43864
#
# JRE version: Java(TM) SE Runtime Environment (17.0.1+12) (build 17.0.1+12-LTS-39)
# Java VM: Java HotSpot(TM) 64-Bit Server VM (17.0.1+12-LTS-39, mixed mode, sharing, tiered, compressed oops, compressed class ptrs, g1 gc, windows-amd64)
# Problematic frame:
# C  [igxelpicd64.dll+0x2aa176]
#
# No core dump will be written. Minidumps are not enabled by default on client versions of Windows
#
# If you would like to submit a bug report, please visit:
#   https://bugreport.java.com/bugreport/crash.jsp
#

---------------  S U M M A R Y ------------

Command Line: -javaagent:C:\Program Files\JetBrains\IntelliJ IDEA Community Edition 2021.3.1\lib\idea_rt.jar=51551:C:\Program Files\JetBrains\IntelliJ IDEA Community Edition 2021.3.1\bin -Dfile.encoding=UTF-8 Instance.Main

Host: 11th Gen Intel(R) Core(TM) i7-11800H @ 2.30GHz, 16 cores, 31G,  Windows 10 , 64 bit Build 22621 (10.0.22621.3527)
Time: Sat Jun  8 16:00:23 2024 Eastern Daylight Time elapsed time: 13.338134 seconds (0d 0h 0m 13s)

---------------  T H R E A D  ---------------

Current thread (0x00000232d4fd9040):  VMThread "VM Thread" [stack: 0x000000f981d00000,0x000000f981e00000] [id=43864]

Stack: [0x000000f981d00000,0x000000f981e00000],  sp=0x000000f981dfe2f0,  free space=1016k
Native frames: (J=compiled Java code, j=interpreted, Vv=VM code, C=native code)
C  [igxelpicd64.dll+0x2aa176]


siginfo: EXCEPTION_ACCESS_VIOLATION (0xc0000005), reading address 0x0000000000035458


Register to memory mapping:

RIP=0x00007fff1fd3a176 igxelpicd64.dll
RAX=0x00000232d638fe00 points into unknown readable memory: 0x000000000001b3fb | fb b3 01 00 00 00 00 00
RBX=0x00000232d5e8d740 points into unknown readable memory: 0xffffffffffffffff | ff ff ff ff ff ff ff ff
RCX=0x0000000000000001 is an unknown value
RDX=0x0 is NULL
RSP=0x000000f981dfe2f0 points into unknown readable memory: 0x00000232d5e8d740 | 40 d7 e8 d5 32 02 00 00
RBP=0x0 is NULL
RSI=0x00000232d638fcc0 points into unknown readable memory: 0x00000232d51c1730 | 30 17 1c d5 32 02 00 00
RDI=0x00000232d53a3080 points into unknown readable memory: 0x0000000000000000 | 00 00 00 00 00 00 00 00
R8 =0x00000232d638fdc0 points into unknown readable memory: 0x0000000000000000 | 00 00 00 00 00 00 00 00
R9 =0x0 is NULL
R10=0x0 is NULL
R11=0x0000000000000246 is an unknown value
R12=0x00000232d638fcc0 points into unknown readable memory: 0x00000232d51c1730 | 30 17 1c d5 32 02 00 00
R13=0x0 is NULL
R14=0x00000232d6390208 points into unknown readable memory: 0x00000232d638b700 | 00 b7 38 d6 32 02 00 00
R15=0x00000232d638b700 points into unknown readable memory: 0x00000232d51c1730 | 30 17 1c d5 32 02 00 00


Registers:
RAX=0x00000232d638fe00, RBX=0x00000232d5e8d740, RCX=0x0000000000000001, RDX=0x0000000000000000
RSP=0x000000f981dfe2f0, RBP=0x0000000000000000, RSI=0x00000232d638fcc0, RDI=0x00000232d53a3080
R8 =0x00000232d638fdc0, R9 =0x0000000000000000, R10=0x0000000000000000, R11=0x0000000000000246
R12=0x00000232d638fcc0, R13=0x0000000000000000, R14=0x00000232d6390208, R15=0x00000232d638b700
RIP=0x00007fff1fd3a176, EFLAGS=0x0000000000010206

Top of Stack: (sp=0x000000f981dfe2f0)
0x000000f981dfe2f0:   00000232d5e8d740 00000232d62feed0
0x000000f981dfe300:   00000232d62f3470 00007fff1faac875
0x000000f981dfe310:   0000001600000000 0000000000000000
0x000000f981dfe320:   0000000000000000 00000232d62feed0
0x000000f981dfe330:   00000232d5e8d740 00000232d62fb0b0
0x000000f981dfe340:   0000000000f60000 00000232d94704b8
0x000000f981dfe350:   00000232d9421000 00000232d62beb40
0x000000f981dfe360:   0000800400197000 00000232a80c8c00
0x000000f981dfe370:   00000232dd9b8ed0 0000000c000000aa
0x000000f981dfe380:   0000000000000000 00000232d62ff4d0
0x000000f981dfe390:   00000f3700000000 00000232d4262660
0x000000f981dfe3a0:   000000000000000f 00000232d4262660
0x000000f981dfe3b0:   0000000000000001 00007fff2ad79c68
0x000000f981dfe3c0:   000000f981dfe4c0 0000000000000000
0x000000f981dfe3d0:   0000000000000000 00007fffbc2b3824
0x000000f981dfe3e0:   0000000000000000 0000000000000000 

Instructions: (pc=0x00007fff1fd3a176)
0x00007fff1fd3a076:   00 90 4c 8b bf 80 02 00 00 48 8b 05 0a 80 b3 00
0x00007fff1fd3a086:   8b 80 c0 0a 00 00 89 44 24 24 c6 44 24 20 00 48
0x00007fff1fd3a096:   c7 87 80 02 00 00 00 00 00 00 c7 87 88 02 00 00
0x00007fff1fd3a0a6:   00 00 00 00 48 c7 87 a0 02 00 00 00 00 00 00 48
0x00007fff1fd3a0b6:   c7 87 90 02 00 00 00 00 00 00 48 85 ed 75 3d 8b
0x00007fff1fd3a0c6:   35 cd 4d c3 00 65 48 8b 04 25 58 00 00 00 b9 14
0x00007fff1fd3a0d6:   00 00 00 48 8b 04 f0 40 38 2c 01 0f 84 09 7c 6b
0x00007fff1fd3a0e6:   00 65 48 8b 04 25 58 00 00 00 bd 20 00 00 00 48
0x00007fff1fd3a0f6:   8b 04 f0 48 8b 2c 28 48 89 6c 24 28 48 3b 2d b7
0x00007fff1fd3a106:   71 c3 00 0f 84 93 10 00 00 4d 85 ff 0f 84 3a 01
0x00007fff1fd3a116:   00 00 0f 1f 84 00 00 00 00 00 49 8b f7 4d 8b e7
0x00007fff1fd3a126:   4d 8d b7 48 05 00 00 4d 8b 3e 45 84 ed 0f 85 db
0x00007fff1fd3a136:   0f 00 00 8b 8f d0 01 00 00 48 8b 05 4a 7f b3 00
0x00007fff1fd3a146:   83 b8 64 03 00 00 02 75 34 4d 8d 84 24 00 01 00
0x00007fff1fd3a156:   00 83 f9 10 0f 83 3a 01 00 00 8b c1 48 c1 e0 06
0x00007fff1fd3a166:   49 03 c0 48 85 c0 0f 84 9b 01 00 00 48 8b 50 08
0x00007fff1fd3a176:   48 3b 95 58 54 03 00 0f 87 51 0e 00 00 48 83 be
0x00007fff1fd3a186:   c0 05 00 00 00 0f 85 90 7b 6b 00 44 8b 8f d0 01
0x00007fff1fd3a196:   00 00 48 8b 87 e8 01 00 00 4c 8b 00 8b 8f d0 01
0x00007fff1fd3a1a6:   00 00 48 8d 9e 00 01 00 00 83 f9 10 0f 83 1e 01
0x00007fff1fd3a1b6:   00 00 8b c1 48 c1 e0 06 48 03 c3 48 85 c0 0f 84
0x00007fff1fd3a1c6:   4a 01 00 00 4c 39 40 08 0f 86 40 01 00 00 48 8b
0x00007fff1fd3a1d6:   87 80 02 00 00 49 89 06 48 89 b7 80 02 00 00 ff
0x00007fff1fd3a1e6:   87 88 02 00 00 48 8b 4e 08 48 8b 01 ba 01 00 00
0x00007fff1fd3a1f6:   00 48 8b 80 d8 02 00 00 ff 15 04 44 7f 00 0f b7
0x00007fff1fd3a206:   c8 48 2b c1 48 05 00 00 01 00 48 01 87 90 02 00
0x00007fff1fd3a216:   00 48 8b 4e 08 48 8b 01 ba 01 00 00 00 48 8b 80
0x00007fff1fd3a226:   d8 02 00 00 ff 15 d8 43 7f 00 48 01 87 a0 02 00
0x00007fff1fd3a236:   00 0f b6 54 24 20 4d 85 ff 0f 85 db fe ff ff 84
0x00007fff1fd3a246:   d2 0f 85 28 0f 00 00 48 8b 5c 24 40 48 8b cf 80
0x00007fff1fd3a256:   7c 24 22 00 0f 85 4f 0f 00 00 e8 4b f9 ff ff 90
0x00007fff1fd3a266:   48 8b cb ff 15 a9 3e 7f 00 48 8b 8c 24 50 01 00 


Stack slot to memory mapping:
stack at sp + 0 slots: 0x00000232d5e8d740 points into unknown readable memory: 0xffffffffffffffff | ff ff ff ff ff ff ff ff
stack at sp + 1 slots: 0x00000232d62feed0 points into unknown readable memory: 0x00000000000000e0 | e0 00 00 00 00 00 00 00
stack at sp + 2 slots: 0x00000232d62f3470 points into unknown readable memory: 0x00007fff2053f818 | 18 f8 53 20 ff 7f 00 00
stack at sp + 3 slots: 0x00007fff1faac875 igxelpicd64.dll
stack at sp + 4 slots: 0x0000001600000000 is an unknown value
stack at sp + 5 slots: 0x0 is NULL
stack at sp + 6 slots: 0x0 is NULL
stack at sp + 7 slots: 0x00000232d62feed0 points into unknown readable memory: 0x00000000000000e0 | e0 00 00 00 00 00 00 00

VM_Operation (0x000000f9828ff0c0): Exit, mode: safepoint, requested by thread 0x00000232dddb84b0


---------------  P R O C E S S  ---------------

Threads class SMR info:
_java_thread_list=0x00000232dddad0c0, length=18, elements={
0x00000232d4fddae0, 0x00000232d4fde690, 0x00000232d4ff2000, 0x00000232d4ff4bc0,
0x00000232d4ff7fb0, 0x00000232d4ffa960, 0x00000232d4ffd840, 0x00000232d5026d80,
0x00000232d4419370, 0x00000232d5322170, 0x00000232d5324a60, 0x00000232ddd8f020,
0x00000232ddac28c0, 0x00000232ddac31a0, 0x00000232dddfe630, 0x00000232dddae6e0,
0x00000232a80b6390, 0x00000232dddb84b0
}

Java Threads: ( => current thread )
  0x00000232d4fddae0 JavaThread "Reference Handler" daemon [_thread_blocked, id=44988, stack(0x000000f981e00000,0x000000f981f00000)]
  0x00000232d4fde690 JavaThread "Finalizer" daemon [_thread_blocked, id=44860, stack(0x000000f981f00000,0x000000f982000000)]
  0x00000232d4ff2000 JavaThread "Attach Listener" daemon [_thread_blocked, id=22492, stack(0x000000f982100000,0x000000f982200000)]
  0x00000232d4ff4bc0 JavaThread "Service Thread" daemon [_thread_blocked, id=40720, stack(0x000000f982200000,0x000000f982300000)]
  0x00000232d4ff7fb0 JavaThread "Monitor Deflation Thread" daemon [_thread_blocked, id=49536, stack(0x000000f982300000,0x000000f982400000)]
  0x00000232d4ffa960 JavaThread "C2 CompilerThread0" daemon [_thread_blocked, id=41320, stack(0x000000f982400000,0x000000f982500000)]
  0x00000232d4ffd840 JavaThread "C1 CompilerThread0" daemon [_thread_blocked, id=45400, stack(0x000000f982500000,0x000000f982600000)]
  0x00000232d5026d80 JavaThread "Sweeper thread" daemon [_thread_blocked, id=14804, stack(0x000000f982600000,0x000000f982700000)]
  0x00000232d4419370 JavaThread "Common-Cleaner" daemon [_thread_blocked, id=42444, stack(0x000000f982700000,0x000000f982800000)]
  0x00000232d5322170 JavaThread "Monitor Ctrl-Break" daemon [_thread_in_native, id=31324, stack(0x000000f982c00000,0x000000f982d00000)]
  0x00000232d5324a60 JavaThread "Notification Thread" daemon [_thread_blocked, id=41784, stack(0x000000f982d00000,0x000000f982e00000)]
  0x00000232ddd8f020 JavaThread "updateThread" daemon [_thread_blocked, id=35032, stack(0x000000f983600000,0x000000f983700000)]
  0x00000232ddac28c0 JavaThread "pool-1-thread-1" [_thread_blocked, id=37944, stack(0x000000f983700000,0x000000f983800000)]
  0x00000232ddac31a0 JavaThread "pool-1-thread-2" [_thread_blocked, id=33648, stack(0x000000f983800000,0x000000f983900000)]
  0x00000232dddfe630 JavaThread "pool-1-thread-3" [_thread_blocked, id=25224, stack(0x000000f983900000,0x000000f983a00000)]
  0x00000232dddae6e0 JavaThread "pool-1-thread-4" [_thread_blocked, id=18464, stack(0x000000f983a00000,0x000000f983b00000)]
  0x00000232a80b6390 JavaThread "DestroyJavaVM" [_thread_blocked, id=33212, stack(0x000000f981700000,0x000000f981800000)]
  0x00000232dddb84b0 JavaThread "SIGINT handler" daemon [_thread_blocked, id=15840, stack(0x000000f982800000,0x000000f982900000)]

Other Threads:
=>0x00000232d4fd9040 VMThread "VM Thread" [stack: 0x000000f981d00000,0x000000f981e00000] [id=43864]
  0x00000232a812c1c0 GCTaskThread "GC Thread#0" [stack: 0x000000f981800000,0x000000f981900000] [id=53200]
  0x00000232dde68ef0 GCTaskThread "GC Thread#1" [stack: 0x000000f983e00000,0x000000f983f00000] [id=7908]
  0x00000232dde36f70 GCTaskThread "GC Thread#2" [stack: 0x000000f983f00000,0x000000f984000000] [id=18508]
  0x00000232dde37220 GCTaskThread "GC Thread#3" [stack: 0x000000f984000000,0x000000f984100000] [id=52332]
  0x00000232ddcfac00 GCTaskThread "GC Thread#4" [stack: 0x000000f984100000,0x000000f984200000] [id=52620]
  0x00000232ddcfaeb0 GCTaskThread "GC Thread#5" [stack: 0x000000f984200000,0x000000f984300000] [id=21236]
  0x00000232ddcfb970 GCTaskThread "GC Thread#6" [stack: 0x000000f984300000,0x000000f984400000] [id=6188]
  0x00000232ddcfbc20 GCTaskThread "GC Thread#7" [stack: 0x000000f984400000,0x000000f984500000] [id=52864]
  0x00000232d5e68790 GCTaskThread "GC Thread#8" [stack: 0x000000f984500000,0x000000f984600000] [id=47236]
  0x00000232d5e68a40 GCTaskThread "GC Thread#9" [stack: 0x000000f984600000,0x000000f984700000] [id=42196]
  0x00000232d5e68cf0 GCTaskThread "GC Thread#10" [stack: 0x000000f984700000,0x000000f984800000] [id=13624]
  0x00000232ddda0910 GCTaskThread "GC Thread#11" [stack: 0x000000f984800000,0x000000f984900000] [id=39808]
  0x00000232a813cf10 ConcurrentGCThread "G1 Main Marker" terminated
  0x00000232a813d920 ConcurrentGCThread "G1 Conc#0" [stack: 0x000000f981a00000,0x000000f981b00000] [id=30248]
  0x00000232a817e5e0 ConcurrentGCThread "G1 Refine#0" terminated
  0x00000232d42e6ea0 ConcurrentGCThread "G1 Service" terminated

Threads with active compile tasks:

VM state: at safepoint (shutting down)

VM Mutex/Monitor currently owned by a thread:  ([mutex/lock_event])
[0x00000232a80b2550] Threads_lock - owner thread: 0x00000232d4fd9040
[0x00000232a80b3e10] Heap_lock - owner thread: 0x00000232dddb84b0

Heap address: 0x0000000603c00000, size: 8132 MB, Compressed Oops mode: Zero based, Oop shift amount: 3

CDS archive(s) mapped at: [0x0000000800000000-0x0000000800bc0000-0x0000000800bc0000), size 12320768, SharedBaseAddress: 0x0000000800000000, ArchiveRelocationMode: 0.
Compressed class space mapped at: 0x0000000800c00000-0x0000000840c00000, reserved size: 1073741824
Narrow klass base: 0x0000000800000000, Narrow klass shift: 0, Narrow klass range: 0x100000000

GC Precious Log:
 CPUs: 16 total, 16 available
 Memory: 32515M
 Large Page Support: Disabled
 NUMA Support: Disabled
 Compressed Oops: Enabled (Zero based)
 Heap Region Size: 4M
 Heap Min Capacity: 8M
 Heap Initial Capacity: 512M
 Heap Max Capacity: 8132M
 Pre-touch: Disabled
 Parallel Workers: 13
 Concurrent Workers: 3
 Concurrent Refinement Workers: 13
 Periodic GC: Disabled

Heap:
 garbage-first heap   total 524288K, used 10935K [0x0000000603c00000, 0x0000000800000000)
  region size 4096K, 4 young (16384K), 1 survivors (4096K)
 Metaspace       used 6256K, committed 6400K, reserved 1056768K
  class space    used 324K, committed 384K, reserved 1048576K

Heap Regions: E=young(eden), S=young(survivor), O=old, HS=humongous(starts), HC=humongous(continues), CS=collection set, F=free, OA=open archive, CA=closed archive, TAMS=top-at-mark-start (previous, next)
|   0|0x0000000603c00000, 0x0000000603c00000, 0x0000000604000000|  0%| F|  |TAMS 0x0000000603c00000, 0x0000000603c00000| Untracked 
|   1|0x0000000604000000, 0x0000000604000000, 0x0000000604400000|  0%| F|  |TAMS 0x0000000604000000, 0x0000000604000000| Untracked 
|   2|0x0000000604400000, 0x0000000604400000, 0x0000000604800000|  0%| F|  |TAMS 0x0000000604400000, 0x0000000604400000| Untracked 
|   3|0x0000000604800000, 0x0000000604800000, 0x0000000604c00000|  0%| F|  |TAMS 0x0000000604800000, 0x0000000604800000| Untracked 
|   4|0x0000000604c00000, 0x0000000604c00000, 0x0000000605000000|  0%| F|  |TAMS 0x0000000604c00000, 0x0000000604c00000| Untracked 
|   5|0x0000000605000000, 0x0000000605000000, 0x0000000605400000|  0%| F|  |TAMS 0x0000000605000000, 0x0000000605000000| Untracked 
|   6|0x0000000605400000, 0x0000000605400000, 0x0000000605800000|  0%| F|  |TAMS 0x0000000605400000, 0x0000000605400000| Untracked 
|   7|0x0000000605800000, 0x0000000605800000, 0x0000000605c00000|  0%| F|  |TAMS 0x0000000605800000, 0x0000000605800000| Untracked 
|   8|0x0000000605c00000, 0x0000000605c00000, 0x0000000606000000|  0%| F|  |TAMS 0x0000000605c00000, 0x0000000605c00000| Untracked 
|   9|0x0000000606000000, 0x0000000606000000, 0x0000000606400000|  0%| F|  |TAMS 0x0000000606000000, 0x0000000606000000| Untracked 
|  10|0x0000000606400000, 0x0000000606400000, 0x0000000606800000|  0%| F|  |TAMS 0x0000000606400000, 0x0000000606400000| Untracked 
|  11|0x0000000606800000, 0x0000000606800000, 0x0000000606c00000|  0%| F|  |TAMS 0x0000000606800000, 0x0000000606800000| Untracked 
|  12|0x0000000606c00000, 0x0000000606c00000, 0x0000000607000000|  0%| F|  |TAMS 0x0000000606c00000, 0x0000000606c00000| Untracked 
|  13|0x0000000607000000, 0x0000000607000000, 0x0000000607400000|  0%| F|  |TAMS 0x0000000607000000, 0x0000000607000000| Untracked 
|  14|0x0000000607400000, 0x0000000607400000, 0x0000000607800000|  0%| F|  |TAMS 0x0000000607400000, 0x0000000607400000| Untracked 
|  15|0x0000000607800000, 0x0000000607800000, 0x0000000607c00000|  0%| F|  |TAMS 0x0000000607800000, 0x0000000607800000| Untracked 
|  16|0x0000000607c00000, 0x0000000607c00000, 0x0000000608000000|  0%| F|  |TAMS 0x0000000607c00000, 0x0000000607c00000| Untracked 
|  17|0x0000000608000000, 0x0000000608000000, 0x0000000608400000|  0%| F|  |TAMS 0x0000000608000000, 0x0000000608000000| Untracked 
|  18|0x0000000608400000, 0x0000000608400000, 0x0000000608800000|  0%| F|  |TAMS 0x0000000608400000, 0x0000000608400000| Untracked 
|  19|0x0000000608800000, 0x0000000608800000, 0x0000000608c00000|  0%| F|  |TAMS 0x0000000608800000, 0x0000000608800000| Untracked 
|  20|0x0000000608c00000, 0x0000000608c00000, 0x0000000609000000|  0%| F|  |TAMS 0x0000000608c00000, 0x0000000608c00000| Untracked 
|  21|0x0000000609000000, 0x0000000609000000, 0x0000000609400000|  0%| F|  |TAMS 0x0000000609000000, 0x0000000609000000| Untracked 
|  22|0x0000000609400000, 0x0000000609400000, 0x0000000609800000|  0%| F|  |TAMS 0x0000000609400000, 0x0000000609400000| Untracked 
|  23|0x0000000609800000, 0x0000000609800000, 0x0000000609c00000|  0%| F|  |TAMS 0x0000000609800000, 0x0000000609800000| Untracked 
|  24|0x0000000609c00000, 0x0000000609c00000, 0x000000060a000000|  0%| F|  |TAMS 0x0000000609c00000, 0x0000000609c00000| Untracked 
|  25|0x000000060a000000, 0x000000060a000000, 0x000000060a400000|  0%| F|  |TAMS 0x000000060a000000, 0x000000060a000000| Untracked 
|  26|0x000000060a400000, 0x000000060a400000, 0x000000060a800000|  0%| F|  |TAMS 0x000000060a400000, 0x000000060a400000| Untracked 
|  27|0x000000060a800000, 0x000000060a800000, 0x000000060ac00000|  0%| F|  |TAMS 0x000000060a800000, 0x000000060a800000| Untracked 
|  28|0x000000060ac00000, 0x000000060ac00000, 0x000000060b000000|  0%| F|  |TAMS 0x000000060ac00000, 0x000000060ac00000| Untracked 
|  29|0x000000060b000000, 0x000000060b000000, 0x000000060b400000|  0%| F|  |TAMS 0x000000060b000000, 0x000000060b000000| Untracked 
|  30|0x000000060b400000, 0x000000060b400000, 0x000000060b800000|  0%| F|  |TAMS 0x000000060b400000, 0x000000060b400000| Untracked 
|  31|0x000000060b800000, 0x000000060b800000, 0x000000060bc00000|  0%| F|  |TAMS 0x000000060b800000, 0x000000060b800000| Untracked 
|  32|0x000000060bc00000, 0x000000060bc00000, 0x000000060c000000|  0%| F|  |TAMS 0x000000060bc00000, 0x000000060bc00000| Untracked 
|  33|0x000000060c000000, 0x000000060c000000, 0x000000060c400000|  0%| F|  |TAMS 0x000000060c000000, 0x000000060c000000| Untracked 
|  34|0x000000060c400000, 0x000000060c400000, 0x000000060c800000|  0%| F|  |TAMS 0x000000060c400000, 0x000000060c400000| Untracked 
|  35|0x000000060c800000, 0x000000060c800000, 0x000000060cc00000|  0%| F|  |TAMS 0x000000060c800000, 0x000000060c800000| Untracked 
|  36|0x000000060cc00000, 0x000000060cc00000, 0x000000060d000000|  0%| F|  |TAMS 0x000000060cc00000, 0x000000060cc00000| Untracked 
|  37|0x000000060d000000, 0x000000060d000000, 0x000000060d400000|  0%| F|  |TAMS 0x000000060d000000, 0x000000060d000000| Untracked 
|  38|0x000000060d400000, 0x000000060d400000, 0x000000060d800000|  0%| F|  |TAMS 0x000000060d400000, 0x000000060d400000| Untracked 
|  39|0x000000060d800000, 0x000000060d800000, 0x000000060dc00000|  0%| F|  |TAMS 0x000000060d800000, 0x000000060d800000| Untracked 
|  40|0x000000060dc00000, 0x000000060dc00000, 0x000000060e000000|  0%| F|  |TAMS 0x000000060dc00000, 0x000000060dc00000| Untracked 
|  41|0x000000060e000000, 0x000000060e000000, 0x000000060e400000|  0%| F|  |TAMS 0x000000060e000000, 0x000000060e000000| Untracked 
|  42|0x000000060e400000, 0x000000060e400000, 0x000000060e800000|  0%| F|  |TAMS 0x000000060e400000, 0x000000060e400000| Untracked 
|  43|0x000000060e800000, 0x000000060e800000, 0x000000060ec00000|  0%| F|  |TAMS 0x000000060e800000, 0x000000060e800000| Untracked 
|  44|0x000000060ec00000, 0x000000060ec00000, 0x000000060f000000|  0%| F|  |TAMS 0x000000060ec00000, 0x000000060ec00000| Untracked 
|  45|0x000000060f000000, 0x000000060f000000, 0x000000060f400000|  0%| F|  |TAMS 0x000000060f000000, 0x000000060f000000| Untracked 
|  46|0x000000060f400000, 0x000000060f400000, 0x000000060f800000|  0%| F|  |TAMS 0x000000060f400000, 0x000000060f400000| Untracked 
|  47|0x000000060f800000, 0x000000060f800000, 0x000000060fc00000|  0%| F|  |TAMS 0x000000060f800000, 0x000000060f800000| Untracked 
|  48|0x000000060fc00000, 0x000000060fc00000, 0x0000000610000000|  0%| F|  |TAMS 0x000000060fc00000, 0x000000060fc00000| Untracked 
|  49|0x0000000610000000, 0x0000000610000000, 0x0000000610400000|  0%| F|  |TAMS 0x0000000610000000, 0x0000000610000000| Untracked 
|  50|0x0000000610400000, 0x0000000610400000, 0x0000000610800000|  0%| F|  |TAMS 0x0000000610400000, 0x0000000610400000| Untracked 
|  51|0x0000000610800000, 0x0000000610800000, 0x0000000610c00000|  0%| F|  |TAMS 0x0000000610800000, 0x0000000610800000| Untracked 
|  52|0x0000000610c00000, 0x0000000610c00000, 0x0000000611000000|  0%| F|  |TAMS 0x0000000610c00000, 0x0000000610c00000| Untracked 
|  53|0x0000000611000000, 0x0000000611000000, 0x0000000611400000|  0%| F|  |TAMS 0x0000000611000000, 0x0000000611000000| Untracked 
|  54|0x0000000611400000, 0x0000000611400000, 0x0000000611800000|  0%| F|  |TAMS 0x0000000611400000, 0x0000000611400000| Untracked 
|  55|0x0000000611800000, 0x0000000611800000, 0x0000000611c00000|  0%| F|  |TAMS 0x0000000611800000, 0x0000000611800000| Untracked 
|  56|0x0000000611c00000, 0x0000000611c00000, 0x0000000612000000|  0%| F|  |TAMS 0x0000000611c00000, 0x0000000611c00000| Untracked 
|  57|0x0000000612000000, 0x0000000612000000, 0x0000000612400000|  0%| F|  |TAMS 0x0000000612000000, 0x0000000612000000| Untracked 
|  58|0x0000000612400000, 0x0000000612400000, 0x0000000612800000|  0%| F|  |TAMS 0x0000000612400000, 0x0000000612400000| Untracked 
|  59|0x0000000612800000, 0x0000000612800000, 0x0000000612c00000|  0%| F|  |TAMS 0x0000000612800000, 0x0000000612800000| Untracked 
|  60|0x0000000612c00000, 0x0000000612c00000, 0x0000000613000000|  0%| F|  |TAMS 0x0000000612c00000, 0x0000000612c00000| Untracked 
|  61|0x0000000613000000, 0x0000000613000000, 0x0000000613400000|  0%| F|  |TAMS 0x0000000613000000, 0x0000000613000000| Untracked 
|  62|0x0000000613400000, 0x0000000613400000, 0x0000000613800000|  0%| F|  |TAMS 0x0000000613400000, 0x0000000613400000| Untracked 
|  63|0x0000000613800000, 0x0000000613800000, 0x0000000613c00000|  0%| F|  |TAMS 0x0000000613800000, 0x0000000613800000| Untracked 
|  64|0x0000000613c00000, 0x0000000613c00000, 0x0000000614000000|  0%| F|  |TAMS 0x0000000613c00000, 0x0000000613c00000| Untracked 
|  65|0x0000000614000000, 0x0000000614000000, 0x0000000614400000|  0%| F|  |TAMS 0x0000000614000000, 0x0000000614000000| Untracked 
|  66|0x0000000614400000, 0x0000000614400000, 0x0000000614800000|  0%| F|  |TAMS 0x0000000614400000, 0x0000000614400000| Untracked 
|  67|0x0000000614800000, 0x0000000614800000, 0x0000000614c00000|  0%| F|  |TAMS 0x0000000614800000, 0x0000000614800000| Untracked 
|  68|0x0000000614c00000, 0x0000000614c00000, 0x0000000615000000|  0%| F|  |TAMS 0x0000000614c00000, 0x0000000614c00000| Untracked 
|  69|0x0000000615000000, 0x0000000615000000, 0x0000000615400000|  0%| F|  |TAMS 0x0000000615000000, 0x0000000615000000| Untracked 
|  70|0x0000000615400000, 0x0000000615400000, 0x0000000615800000|  0%| F|  |TAMS 0x0000000615400000, 0x0000000615400000| Untracked 
|  71|0x0000000615800000, 0x0000000615800000, 0x0000000615c00000|  0%| F|  |TAMS 0x0000000615800000, 0x0000000615800000| Untracked 
|  72|0x0000000615c00000, 0x0000000615c00000, 0x0000000616000000|  0%| F|  |TAMS 0x0000000615c00000, 0x0000000615c00000| Untracked 
|  73|0x0000000616000000, 0x0000000616000000, 0x0000000616400000|  0%| F|  |TAMS 0x0000000616000000, 0x0000000616000000| Untracked 
|  74|0x0000000616400000, 0x0000000616400000, 0x0000000616800000|  0%| F|  |TAMS 0x0000000616400000, 0x0000000616400000| Untracked 
|  75|0x0000000616800000, 0x0000000616800000, 0x0000000616c00000|  0%| F|  |TAMS 0x0000000616800000, 0x0000000616800000| Untracked 
|  76|0x0000000616c00000, 0x0000000616c00000, 0x0000000617000000|  0%| F|  |TAMS 0x0000000616c00000, 0x0000000616c00000| Untracked 
|  77|0x0000000617000000, 0x0000000617000000, 0x0000000617400000|  0%| F|  |TAMS 0x0000000617000000, 0x0000000617000000| Untracked 
|  78|0x0000000617400000, 0x0000000617400000, 0x0000000617800000|  0%| F|  |TAMS 0x0000000617400000, 0x0000000617400000| Untracked 
|  79|0x0000000617800000, 0x0000000617800000, 0x0000000617c00000|  0%| F|  |TAMS 0x0000000617800000, 0x0000000617800000| Untracked 
|  80|0x0000000617c00000, 0x0000000617c00000, 0x0000000618000000|  0%| F|  |TAMS 0x0000000617c00000, 0x0000000617c00000| Untracked 
|  81|0x0000000618000000, 0x0000000618000000, 0x0000000618400000|  0%| F|  |TAMS 0x0000000618000000, 0x0000000618000000| Untracked 
|  82|0x0000000618400000, 0x0000000618400000, 0x0000000618800000|  0%| F|  |TAMS 0x0000000618400000, 0x0000000618400000| Untracked 
|  83|0x0000000618800000, 0x0000000618800000, 0x0000000618c00000|  0%| F|  |TAMS 0x0000000618800000, 0x0000000618800000| Untracked 
|  84|0x0000000618c00000, 0x0000000618c00000, 0x0000000619000000|  0%| F|  |TAMS 0x0000000618c00000, 0x0000000618c00000| Untracked 
|  85|0x0000000619000000, 0x0000000619000000, 0x0000000619400000|  0%| F|  |TAMS 0x0000000619000000, 0x0000000619000000| Untracked 
|  86|0x0000000619400000, 0x0000000619400000, 0x0000000619800000|  0%| F|  |TAMS 0x0000000619400000, 0x0000000619400000| Untracked 
|  87|0x0000000619800000, 0x0000000619800000, 0x0000000619c00000|  0%| F|  |TAMS 0x0000000619800000, 0x0000000619800000| Untracked 
|  88|0x0000000619c00000, 0x0000000619c00000, 0x000000061a000000|  0%| F|  |TAMS 0x0000000619c00000, 0x0000000619c00000| Untracked 
|  89|0x000000061a000000, 0x000000061a000000, 0x000000061a400000|  0%| F|  |TAMS 0x000000061a000000, 0x000000061a000000| Untracked 
|  90|0x000000061a400000, 0x000000061a400000, 0x000000061a800000|  0%| F|  |TAMS 0x000000061a400000, 0x000000061a400000| Untracked 
|  91|0x000000061a800000, 0x000000061a800000, 0x000000061ac00000|  0%| F|  |TAMS 0x000000061a800000, 0x000000061a800000| Untracked 
|  92|0x000000061ac00000, 0x000000061ac00000, 0x000000061b000000|  0%| F|  |TAMS 0x000000061ac00000, 0x000000061ac00000| Untracked 
|  93|0x000000061b000000, 0x000000061b000000, 0x000000061b400000|  0%| F|  |TAMS 0x000000061b000000, 0x000000061b000000| Untracked 
|  94|0x000000061b400000, 0x000000061b400000, 0x000000061b800000|  0%| F|  |TAMS 0x000000061b400000, 0x000000061b400000| Untracked 
|  95|0x000000061b800000, 0x000000061b800000, 0x000000061bc00000|  0%| F|  |TAMS 0x000000061b800000, 0x000000061b800000| Untracked 
|  96|0x000000061bc00000, 0x000000061bc00000, 0x000000061c000000|  0%| F|  |TAMS 0x000000061bc00000, 0x000000061bc00000| Untracked 
|  97|0x000000061c000000, 0x000000061c000000, 0x000000061c400000|  0%| F|  |TAMS 0x000000061c000000, 0x000000061c000000| Untracked 
|  98|0x000000061c400000, 0x000000061c400000, 0x000000061c800000|  0%| F|  |TAMS 0x000000061c400000, 0x000000061c400000| Untracked 
|  99|0x000000061c800000, 0x000000061c800000, 0x000000061cc00000|  0%| F|  |TAMS 0x000000061c800000, 0x000000061c800000| Untracked 
| 100|0x000000061cc00000, 0x000000061cc00000, 0x000000061d000000|  0%| F|  |TAMS 0x000000061cc00000, 0x000000061cc00000| Untracked 
| 101|0x000000061d000000, 0x000000061d000000, 0x000000061d400000|  0%| F|  |TAMS 0x000000061d000000, 0x000000061d000000| Untracked 
| 102|0x000000061d400000, 0x000000061d400000, 0x000000061d800000|  0%| F|  |TAMS 0x000000061d400000, 0x000000061d400000| Untracked 
| 103|0x000000061d800000, 0x000000061d800000, 0x000000061dc00000|  0%| F|  |TAMS 0x000000061d800000, 0x000000061d800000| Untracked 
| 104|0x000000061dc00000, 0x000000061dc00000, 0x000000061e000000|  0%| F|  |TAMS 0x000000061dc00000, 0x000000061dc00000| Untracked 
| 105|0x000000061e000000, 0x000000061e000000, 0x000000061e400000|  0%| F|  |TAMS 0x000000061e000000, 0x000000061e000000| Untracked 
| 106|0x000000061e400000, 0x000000061e400000, 0x000000061e800000|  0%| F|  |TAMS 0x000000061e400000, 0x000000061e400000| Untracked 
| 107|0x000000061e800000, 0x000000061e800000, 0x000000061ec00000|  0%| F|  |TAMS 0x000000061e800000, 0x000000061e800000| Untracked 
| 108|0x000000061ec00000, 0x000000061ec00000, 0x000000061f000000|  0%| F|  |TAMS 0x000000061ec00000, 0x000000061ec00000| Untracked 
| 109|0x000000061f000000, 0x000000061f000000, 0x000000061f400000|  0%| F|  |TAMS 0x000000061f000000, 0x000000061f000000| Untracked 
| 110|0x000000061f400000, 0x000000061f400000, 0x000000061f800000|  0%| F|  |TAMS 0x000000061f400000, 0x000000061f400000| Untracked 
| 111|0x000000061f800000, 0x000000061f800000, 0x000000061fc00000|  0%| F|  |TAMS 0x000000061f800000, 0x000000061f800000| Untracked 
| 112|0x000000061fc00000, 0x000000061fc00000, 0x0000000620000000|  0%| F|  |TAMS 0x000000061fc00000, 0x000000061fc00000| Untracked 
| 113|0x0000000620000000, 0x0000000620000000, 0x0000000620400000|  0%| F|  |TAMS 0x0000000620000000, 0x0000000620000000| Untracked 
| 114|0x0000000620400000, 0x0000000620400000, 0x0000000620800000|  0%| F|  |TAMS 0x0000000620400000, 0x0000000620400000| Untracked 
| 115|0x0000000620800000, 0x0000000620800000, 0x0000000620c00000|  0%| F|  |TAMS 0x0000000620800000, 0x0000000620800000| Untracked 
| 116|0x0000000620c00000, 0x0000000620c00000, 0x0000000621000000|  0%| F|  |TAMS 0x0000000620c00000, 0x0000000620c00000| Untracked 
| 117|0x0000000621000000, 0x0000000621000000, 0x0000000621400000|  0%| F|  |TAMS 0x0000000621000000, 0x0000000621000000| Untracked 
| 118|0x0000000621400000, 0x0000000621400000, 0x0000000621800000|  0%| F|  |TAMS 0x0000000621400000, 0x0000000621400000| Untracked 
| 119|0x0000000621800000, 0x0000000621800000, 0x0000000621c00000|  0%| F|  |TAMS 0x0000000621800000, 0x0000000621800000| Untracked 
| 120|0x0000000621c00000, 0x0000000621c00000, 0x0000000622000000|  0%| F|  |TAMS 0x0000000621c00000, 0x0000000621c00000| Untracked 
| 121|0x0000000622000000, 0x00000006222adf80, 0x0000000622400000| 66%| S|CS|TAMS 0x0000000622000000, 0x0000000622000000| Complete 
| 122|0x0000000622400000, 0x0000000622400000, 0x0000000622800000|  0%| F|  |TAMS 0x0000000622400000, 0x0000000622400000| Untracked 
| 123|0x0000000622800000, 0x0000000622800000, 0x0000000622c00000|  0%| F|  |TAMS 0x0000000622800000, 0x0000000622800000| Untracked 
| 124|0x0000000622c00000, 0x0000000622c00000, 0x0000000623000000|  0%| F|  |TAMS 0x0000000622c00000, 0x0000000622c00000| Untracked 
| 125|0x0000000623000000, 0x00000006232556f8, 0x0000000623400000| 58%| E|  |TAMS 0x0000000623000000, 0x0000000623000000| Complete 
| 126|0x0000000623400000, 0x0000000623800000, 0x0000000623800000|100%| E|CS|TAMS 0x0000000623400000, 0x0000000623400000| Complete 
| 127|0x0000000623800000, 0x0000000623c00000, 0x0000000623c00000|100%| E|CS|TAMS 0x0000000623800000, 0x0000000623800000| Complete 

Card table byte_map: [0x00000232c0120000,0x00000232c1110000] _byte_map_base: 0x00000232bd102000

Marking Bits (Prev, Next): (CMBitMap*) 0x00000232a812c7d0, (CMBitMap*) 0x00000232a812c810
 Prev Bits: [0x00000232c2100000, 0x00000232ca010000)
 Next Bits: [0x00000232ca010000, 0x00000232d1f20000)

Polling page: 0x00000232a7880000

Metaspace:

Usage:
  Non-class:      5.79 MB used.
      Class:    324.95 KB used.
       Both:      6.11 MB used.

Virtual space:
  Non-class space:        8.00 MB reserved,       5.88 MB ( 73%) committed,  1 nodes.
      Class space:        1.00 GB reserved,     384.00 KB ( <1%) committed,  1 nodes.
             Both:        1.01 GB reserved,       6.25 MB ( <1%) committed. 

Chunk freelists:
   Non-Class:  112.00 KB
       Class:  3.56 MB
        Both:  3.67 MB

MaxMetaspaceSize: unlimited
CompressedClassSpaceSize: 1.00 GB
Initial GC threshold: 21.00 MB
Current GC threshold: 21.00 MB
CDS: on
MetaspaceReclaimPolicy: balanced
 - commit_granule_bytes: 65536.
 - commit_granule_words: 8192.
 - virtual_space_node_default_size: 1048576.
 - enlarge_chunks_in_place: 1.
 - new_chunks_are_fully_committed: 0.
 - uncommit_free_chunks: 1.
 - use_allocation_guard: 0.
 - handle_deallocations: 1.


Internal statistics:

num_allocs_failed_limit: 0.
num_arena_births: 58.
num_arena_deaths: 0.
num_vsnodes_births: 2.
num_vsnodes_deaths: 0.
num_space_committed: 98.
num_space_uncommitted: 0.
num_chunks_returned_to_freelist: 0.
num_chunks_taken_from_freelist: 214.
num_chunk_merges: 0.
num_chunk_splits: 158.
num_chunks_enlarged: 125.
num_purges: 0.
num_inconsistent_stats: 0.

CodeHeap 'non-profiled nmethods': size=119168Kb used=428Kb max_used=428Kb free=118739Kb
 bounds [0x00000232b7450000, 0x00000232b76c0000, 0x00000232be8b0000]
CodeHeap 'profiled nmethods': size=119104Kb used=2009Kb max_used=2009Kb free=117094Kb
 bounds [0x00000232b0000000, 0x00000232b0270000, 0x00000232b7450000]
CodeHeap 'non-nmethods': size=7488Kb used=1580Kb max_used=3313Kb free=5907Kb
 bounds [0x00000232af8b0000, 0x00000232afbf0000, 0x00000232b0000000]
 total_blobs=2162 nmethods=1174 adapters=901
 compilation: enabled
              stopped_count=0, restarted_count=0
 full_count=0

Compilation events (20 events):
Event: 12.043 Thread 0x00000232d4ffa960 1169       4       java.util.concurrent.locks.ReentrantLock$NonfairSync::tryAcquire (27 bytes)
Event: 12.045 Thread 0x00000232d4ffa960 nmethod 1169 0x00000232b74b3c10 code [0x00000232b74b3d80, 0x00000232b74b3ef8]
Event: 12.173 Thread 0x00000232d4ffa960 1170       4       java.util.LinkedList::linkLast (59 bytes)
Event: 12.178 Thread 0x00000232d4ffa960 nmethod 1170 0x00000232b74b3f90 code [0x00000232b74b4120, 0x00000232b74b44b8]
Event: 12.323 Thread 0x00000232d4ffa960 1171       4       java.util.concurrent.locks.AbstractQueuedSynchronizer$ConditionObject::doSignal (54 bytes)
Event: 12.330 Thread 0x00000232d4ffa960 nmethod 1171 0x00000232b74b4590 code [0x00000232b74b4720, 0x00000232b74b4d78]
Event: 12.399 Thread 0x00000232d4ffa960 1172       4       java.util.concurrent.locks.AbstractQueuedSynchronizer::acquire (20 bytes)
Event: 12.401 Thread 0x00000232d4ffa960 nmethod 1172 0x00000232b74b4f90 code [0x00000232b74b5100, 0x00000232b74b5298]
Event: 12.490 Thread 0x00000232d4ffa960 1173       4       java.util.concurrent.locks.AbstractQueuedSynchronizer$Node::clearStatus (12 bytes)
Event: 12.490 Thread 0x00000232d4ffa960 nmethod 1173 0x00000232b74b5390 code [0x00000232b74b5500, 0x00000232b74b5578]
Event: 12.507 Thread 0x00000232d4ffa960 1174   !   4       java.util.concurrent.locks.AbstractQueuedSynchronizer::acquire (407 bytes)
Event: 12.541 Thread 0x00000232d4ffa960 nmethod 1174 0x00000232b74b5690 code [0x00000232b74b5860, 0x00000232b74b69b0]
Event: 12.569 Thread 0x00000232d4ffa960 1175       4       java.util.concurrent.ThreadPoolExecutor$Worker::unlock (7 bytes)
Event: 12.573 Thread 0x00000232d4ffa960 nmethod 1175 0x00000232b74b7010 code [0x00000232b74b71a0, 0x00000232b74b7328]
Event: 12.578 Thread 0x00000232d4ffa960 1176       4       Modules.Job::<init> (51 bytes)
Event: 12.583 Thread 0x00000232d4ffa960 nmethod 1176 0x00000232b74b7490 code [0x00000232b74b7620, 0x00000232b74b7938]
Event: 12.583 Thread 0x00000232d4ffa960 1177   !   4       java.util.concurrent.locks.AbstractQueuedSynchronizer$ConditionObject::await (183 bytes)
Event: 12.609 Thread 0x00000232d4ffa960 nmethod 1177 0x00000232b74b7a10 code [0x00000232b74b7c00, 0x00000232b74b85c8]
Event: 12.609 Thread 0x00000232d4ffa960 1178   !   4       java.util.concurrent.LinkedBlockingQueue::offer (131 bytes)
Event: 12.658 Thread 0x00000232d4ffa960 nmethod 1178 0x00000232b74b8d10 code [0x00000232b74b8f20, 0x00000232b74ba778]

GC Heap History (2 events):
Event: 1.602 GC heap before
{Heap before GC invocations=0 (full 0):
 garbage-first heap   total 524288K, used 24576K [0x0000000603c00000, 0x0000000800000000)
  region size 4096K, 6 young (24576K), 0 survivors (0K)
 Metaspace       used 6136K, committed 6272K, reserved 1056768K
  class space    used 320K, committed 384K, reserved 1048576K
}
Event: 1.615 GC heap after
{Heap after GC invocations=1 (full 0):
 garbage-first heap   total 524288K, used 2743K [0x0000000603c00000, 0x0000000800000000)
  region size 4096K, 1 young (4096K), 1 survivors (4096K)
 Metaspace       used 6136K, committed 6272K, reserved 1056768K
  class space    used 320K, committed 384K, reserved 1048576K
}

Deoptimization events (20 events):
Event: 1.560 Thread 0x00000232a80b6390 DEOPT PACKING pc=0x00000232b004073e sp=0x000000f9817fe830
Event: 1.560 Thread 0x00000232a80b6390 DEOPT UNPACKING pc=0x00000232af906763 sp=0x000000f9817fdcd0 mode 0
Event: 1.563 Thread 0x00000232a80b6390 DEOPT PACKING pc=0x00000232b004073e sp=0x000000f9817fe830
Event: 1.563 Thread 0x00000232a80b6390 DEOPT UNPACKING pc=0x00000232af906763 sp=0x000000f9817fdcd0 mode 0
Event: 1.565 Thread 0x00000232a80b6390 DEOPT PACKING pc=0x00000232b004073e sp=0x000000f9817fe830
Event: 1.565 Thread 0x00000232a80b6390 DEOPT UNPACKING pc=0x00000232af906763 sp=0x000000f9817fdcd0 mode 0
Event: 1.567 Thread 0x00000232a80b6390 DEOPT PACKING pc=0x00000232b004073e sp=0x000000f9817fe830
Event: 1.567 Thread 0x00000232a80b6390 DEOPT UNPACKING pc=0x00000232af906763 sp=0x000000f9817fdcd0 mode 0
Event: 1.569 Thread 0x00000232a80b6390 DEOPT PACKING pc=0x00000232b004073e sp=0x000000f9817fe830
Event: 1.569 Thread 0x00000232a80b6390 DEOPT UNPACKING pc=0x00000232af906763 sp=0x000000f9817fdcd0 mode 0
Event: 1.573 Thread 0x00000232a80b6390 DEOPT PACKING pc=0x00000232b004073e sp=0x000000f9817fe830
Event: 1.573 Thread 0x00000232a80b6390 DEOPT UNPACKING pc=0x00000232af906763 sp=0x000000f9817fdcd0 mode 0
Event: 1.580 Thread 0x00000232a80b6390 DEOPT PACKING pc=0x00000232b004073e sp=0x000000f9817fe830
Event: 1.580 Thread 0x00000232a80b6390 DEOPT UNPACKING pc=0x00000232af906763 sp=0x000000f9817fdcd0 mode 0
Event: 1.586 Thread 0x00000232a80b6390 DEOPT PACKING pc=0x00000232b004073e sp=0x000000f9817fe830
Event: 1.586 Thread 0x00000232a80b6390 DEOPT UNPACKING pc=0x00000232af906763 sp=0x000000f9817fdcd0 mode 0
Event: 1.594 Thread 0x00000232a80b6390 DEOPT PACKING pc=0x00000232b004073e sp=0x000000f9817fe830
Event: 1.594 Thread 0x00000232a80b6390 DEOPT UNPACKING pc=0x00000232af906763 sp=0x000000f9817fdcd0 mode 0
Event: 1.600 Thread 0x00000232a80b6390 DEOPT PACKING pc=0x00000232b004073e sp=0x000000f9817fe830
Event: 1.600 Thread 0x00000232a80b6390 DEOPT UNPACKING pc=0x00000232af906763 sp=0x000000f9817fdcd0 mode 0

Classes unloaded (0 events):
No events

Classes redefined (0 events):
No events

Internal exceptions (15 events):
Event: 0.214 Thread 0x00000232d5322170 Exception <a 'java/lang/NoSuchMethodError'{0x0000000623b627d8}: 'java.lang.Object java.lang.invoke.DirectMethodHandle$Holder.invokeStaticInit(java.lang.Object)'> (0x0000000623b627d8) 
thrown [t:\workspace\open\src\hotspot\share\interpreter\linkResolver.cpp, line 766]
Event: 0.228 Thread 0x00000232d5322170 Exception <a 'java/lang/NoSuchMethodError'{0x0000000623b704e8}: 'void java.lang.invoke.DirectMethodHandle$Holder.invokeStatic(java.lang.Object, java.lang.Object)'> (0x0000000623b704e8) 
thrown [t:\workspace\open\src\hotspot\share\interpreter\linkResolver.cpp, line 766]
Event: 0.285 Thread 0x00000232a80b6390 Exception <a 'java/lang/NoSuchMethodError'{0x0000000623527aa0}: 'void java.lang.invoke.DirectMethodHandle$Holder.invokeSpecial(java.lang.Object, java.lang.Object, java.lang.Object)'> (0x0000000623527aa0) 
thrown [t:\workspace\open\src\hotspot\share\interpreter\linkResolver.cpp, line 766]
Event: 0.291 Thread 0x00000232a80b6390 Exception <a 'java/lang/NoSuchMethodError'{0x000000062353a838}: 'java.lang.Object java.lang.invoke.DirectMethodHandle$Holder.invokeStatic(java.lang.Object, java.lang.Object, int)'> (0x000000062353a838) 
thrown [t:\workspace\open\src\hotspot\share\interpreter\linkResolver.cpp, line 766]
Event: 0.295 Thread 0x00000232a80b6390 Exception <a 'java/lang/NoSuchMethodError'{0x00000006235465a8}: 'void java.lang.invoke.DelegatingMethodHandle$Holder.delegate(java.lang.Object, java.lang.Object, int, java.lang.Object)'> (0x00000006235465a8) 
thrown [t:\workspace\open\src\hotspot\share\interpreter\linkResolver.cpp, line 766]
Event: 0.296 Thread 0x00000232a80b6390 Exception <a 'java/lang/NoSuchMethodError'{0x000000062354a5e0}: 'int java.lang.invoke.DirectMethodHandle$Holder.invokeSpecial(java.lang.Object, java.lang.Object, java.lang.Object)'> (0x000000062354a5e0) 
thrown [t:\workspace\open\src\hotspot\share\interpreter\linkResolver.cpp, line 766]
Event: 0.368 Thread 0x00000232a80b6390 Exception <a 'sun/nio/fs/WindowsException'{0x000000062363d568}> (0x000000062363d568) 
thrown [t:\workspace\open\src\hotspot\share\prims\jni.cpp, line 516]
Event: 0.369 Thread 0x00000232a80b6390 Exception <a 'sun/nio/fs/WindowsException'{0x000000062363dac0}> (0x000000062363dac0) 
thrown [t:\workspace\open\src\hotspot\share\prims\jni.cpp, line 516]
Event: 0.385 Thread 0x00000232a80b6390 Exception <a 'sun/nio/fs/WindowsException'{0x0000000623651168}> (0x0000000623651168) 
thrown [t:\workspace\open\src\hotspot\share\prims\jni.cpp, line 516]
Event: 0.385 Thread 0x00000232a80b6390 Exception <a 'sun/nio/fs/WindowsException'{0x00000006236514d8}> (0x00000006236514d8) 
thrown [t:\workspace\open\src\hotspot\share\prims\jni.cpp, line 516]
Event: 0.747 Thread 0x00000232a80b6390 Exception <a 'sun/nio/fs/WindowsException'{0x00000006237406b0}> (0x00000006237406b0) 
thrown [t:\workspace\open\src\hotspot\share\prims\jni.cpp, line 516]
Event: 0.747 Thread 0x00000232a80b6390 Exception <a 'sun/nio/fs/WindowsException'{0x0000000623740a60}> (0x0000000623740a60) 
thrown [t:\workspace\open\src\hotspot\share\prims\jni.cpp, line 516]
Event: 0.752 Thread 0x00000232a80b6390 Exception <a 'sun/nio/fs/WindowsException'{0x0000000623747590}> (0x0000000623747590) 
thrown [t:\workspace\open\src\hotspot\share\prims\jni.cpp, line 516]
Event: 0.753 Thread 0x00000232a80b6390 Exception <a 'sun/nio/fs/WindowsException'{0x0000000623747878}> (0x0000000623747878) 
thrown [t:\workspace\open\src\hotspot\share\prims\jni.cpp, line 516]
Event: 2.390 Thread 0x00000232a80b6390 Exception <a 'java/lang/ArrayIndexOutOfBoundsException'{0x0000000623bfa3f8}: Index -1 out of bounds for length 386> (0x0000000623bfa3f8) 
thrown [t:\workspace\open\src\hotspot\share\interpreter\interpreterRuntime.cpp, line 428]

VM Operations (20 events):
Event: 0.111 Executing VM operation: HandshakeAllThreads done
Event: 0.212 Executing VM operation: HandshakeAllThreads
Event: 0.212 Executing VM operation: HandshakeAllThreads done
Event: 0.332 Executing VM operation: HandshakeAllThreads
Event: 0.332 Executing VM operation: HandshakeAllThreads done
Event: 1.341 Executing VM operation: Cleanup
Event: 1.341 Executing VM operation: Cleanup done
Event: 1.602 Executing VM operation: G1CollectForAllocation
Event: 1.615 Executing VM operation: G1CollectForAllocation done
Event: 2.620 Executing VM operation: Cleanup
Event: 2.620 Executing VM operation: Cleanup done
Event: 4.627 Executing VM operation: Cleanup
Event: 4.627 Executing VM operation: Cleanup done
Event: 5.627 Executing VM operation: Cleanup
Event: 5.628 Executing VM operation: Cleanup done
Event: 6.628 Executing VM operation: Cleanup
Event: 6.628 Executing VM operation: Cleanup done
Event: 12.644 Executing VM operation: Cleanup
Event: 12.644 Executing VM operation: Cleanup done
Event: 12.818 Executing VM operation: Exit

Events (20 events):
Event: 1.847 Thread 0x00000232dde36a60 Thread exited: 0x00000232dde36a60
Event: 2.160 Thread 0x00000232dddda930 Thread exited: 0x00000232dddda930
Event: 2.161 Thread 0x00000232dde32540 Thread exited: 0x00000232dde32540
Event: 2.161 Thread 0x00000232ddac1a20 Thread exited: 0x00000232ddac1a20
Event: 2.390 loading class java/lang/ArrayIndexOutOfBoundsException
Event: 2.390 loading class java/lang/ArrayIndexOutOfBoundsException done
Event: 2.391 loading class java/lang/Throwable$WrappedPrintStream
Event: 2.391 loading class java/lang/Throwable$PrintStreamOrWriter
Event: 2.391 loading class java/lang/Throwable$PrintStreamOrWriter done
Event: 2.391 loading class java/lang/Throwable$WrappedPrintStream done
Event: 2.393 Thread 0x00000232a80b6390 Thread exited: 0x00000232a80b6390
Event: 2.393 Thread 0x00000232a80b6390 Thread added: 0x00000232a80b6390
Event: 2.663 Thread 0x00000232dddb84b0 Thread exited: 0x00000232dddb84b0
Event: 3.855 Thread 0x00000232d5162990 Thread exited: 0x00000232d5162990
Event: 3.855 Thread 0x00000232d5131790 Thread exited: 0x00000232d5131790
Event: 3.968 Thread 0x00000232d512edb0 Thread exited: 0x00000232d512edb0
Event: 12.816 loading class jdk/internal/misc/Signal$1
Event: 12.817 loading class jdk/internal/misc/Signal$1 done
Event: 12.817 Thread 0x00000232dddb84b0 Thread added: 0x00000232dddb84b0
Event: 12.818 Thread 0x00000232d4ff1450 Thread exited: 0x00000232d4ff1450


Dynamic libraries:
0x00007ff7be040000 - 0x00007ff7be050000 	C:\Program Files\Java\jdk-17.0.1\bin\java.exe
0x00007fffbc210000 - 0x00007fffbc427000 	C:\WINDOWS\SYSTEM32\ntdll.dll
0x00007fffbb3b0000 - 0x00007fffbb474000 	C:\WINDOWS\System32\KERNEL32.DLL
0x00007fffb98b0000 - 0x00007fffb9c57000 	C:\WINDOWS\System32\KERNELBASE.dll
0x00007fffb9640000 - 0x00007fffb9751000 	C:\WINDOWS\System32\ucrtbase.dll
0x00007fffb3b90000 - 0x00007fffb3ba8000 	C:\Program Files\Java\jdk-17.0.1\bin\jli.dll
0x00007fffb2e90000 - 0x00007fffb2eaa000 	C:\Program Files\Java\jdk-17.0.1\bin\VCRUNTIME140.dll
0x00007fffbba20000 - 0x00007fffbbad2000 	C:\WINDOWS\System32\ADVAPI32.dll
0x00007fffba7a0000 - 0x00007fffba847000 	C:\WINDOWS\System32\msvcrt.dll
0x00007fffbb970000 - 0x00007fffbba18000 	C:\WINDOWS\System32\sechost.dll
0x00007fffb9760000 - 0x00007fffb9788000 	C:\WINDOWS\System32\bcrypt.dll
0x00007fffbb110000 - 0x00007fffbb225000 	C:\WINDOWS\System32\RPCRT4.dll
0x00007fffbac80000 - 0x00007fffbae2e000 	C:\WINDOWS\System32\USER32.dll
0x00007fffb9d20000 - 0x00007fffb9d46000 	C:\WINDOWS\System32\win32u.dll
0x00007fffbb300000 - 0x00007fffbb329000 	C:\WINDOWS\System32\GDI32.dll
0x00007fffa7100000 - 0x00007fffa7393000 	C:\WINDOWS\WinSxS\amd64_microsoft.windows.common-controls_6595b64144ccf1df_6.0.22621.3527_none_270e469b73872a76\COMCTL32.dll
0x00007fffb9790000 - 0x00007fffb98a9000 	C:\WINDOWS\System32\gdi32full.dll
0x00007fffb95a0000 - 0x00007fffb963a000 	C:\WINDOWS\System32\msvcp_win.dll
0x00007fffae880000 - 0x00007fffae88a000 	C:\WINDOWS\SYSTEM32\VERSION.dll
0x00007fffbbc40000 - 0x00007fffbbc71000 	C:\WINDOWS\System32\IMM32.DLL
0x00007fffb3a70000 - 0x00007fffb3a7c000 	C:\Program Files\Java\jdk-17.0.1\bin\vcruntime140_1.dll
0x00007fffaf450000 - 0x00007fffaf4dd000 	C:\Program Files\Java\jdk-17.0.1\bin\msvcp140.dll
0x00007fff2aaa0000 - 0x00007fff2b65e000 	C:\Program Files\Java\jdk-17.0.1\bin\server\jvm.dll
0x00007fffbb960000 - 0x00007fffbb968000 	C:\WINDOWS\System32\PSAPI.DLL
0x00007fff8d100000 - 0x00007fff8d109000 	C:\WINDOWS\SYSTEM32\WSOCK32.dll
0x00007fffaf3c0000 - 0x00007fffaf3f4000 	C:\WINDOWS\SYSTEM32\WINMM.dll
0x00007fffba970000 - 0x00007fffba9e1000 	C:\WINDOWS\System32\WS2_32.dll
0x00007fffb8620000 - 0x00007fffb8638000 	C:\WINDOWS\SYSTEM32\kernel.appcore.dll
0x00007fffb0620000 - 0x00007fffb062a000 	C:\Program Files\Java\jdk-17.0.1\bin\jimage.dll
0x00007fffb6e20000 - 0x00007fffb7052000 	C:\WINDOWS\SYSTEM32\DBGHELP.DLL
0x00007fffbbc80000 - 0x00007fffbc008000 	C:\WINDOWS\System32\combase.dll
0x00007fffba9f0000 - 0x00007fffbaac7000 	C:\WINDOWS\System32\OLEAUT32.dll
0x00007fffa6930000 - 0x00007fffa6962000 	C:\WINDOWS\SYSTEM32\dbgcore.DLL
0x00007fffb9d50000 - 0x00007fffb9dc9000 	C:\WINDOWS\System32\bcryptPrimitives.dll
0x00007fffb0610000 - 0x00007fffb061e000 	C:\Program Files\Java\jdk-17.0.1\bin\instrument.dll
0x00007fffa6ee0000 - 0x00007fffa6f05000 	C:\Program Files\Java\jdk-17.0.1\bin\java.dll
0x00007fff8c040000 - 0x00007fff8c116000 	C:\Program Files\Java\jdk-17.0.1\bin\svml.dll
0x00007fffb9f40000 - 0x00007fffba79c000 	C:\WINDOWS\System32\SHELL32.dll
0x00007fffb7430000 - 0x00007fffb7d26000 	C:\WINDOWS\SYSTEM32\windows.storage.dll
0x00007fffb72f0000 - 0x00007fffb742e000 	C:\WINDOWS\SYSTEM32\wintypes.dll
0x00007fffbb010000 - 0x00007fffbb105000 	C:\WINDOWS\System32\SHCORE.dll
0x00007fffbb900000 - 0x00007fffbb95e000 	C:\WINDOWS\System32\shlwapi.dll
0x00007fffb9460000 - 0x00007fffb9481000 	C:\WINDOWS\SYSTEM32\profapi.dll
0x00007fffaf0e0000 - 0x00007fffaf0f8000 	C:\Program Files\Java\jdk-17.0.1\bin\zip.dll
0x00007fffb05d0000 - 0x00007fffb05e9000 	C:\Program Files\Java\jdk-17.0.1\bin\net.dll
0x00007fffafbd0000 - 0x00007fffafd06000 	C:\WINDOWS\SYSTEM32\WINHTTP.dll
0x00007fffb8ab0000 - 0x00007fffb8b19000 	C:\WINDOWS\system32\mswsock.dll
0x00007fffaf570000 - 0x00007fffaf585000 	C:\Program Files\Java\jdk-17.0.1\bin\nio.dll
0x00007fffa7620000 - 0x00007fffa763a000 	C:\Program Files\JetBrains\IntelliJ IDEA Community Edition 2021.3.1\bin\breakgen64.dll
0x00007fffa4ba0000 - 0x00007fffa4c04000 	C:\Users\teibe\AppData\Local\Temp\lwjglteibe\3.2.3-build-13\lwjgl.dll
0x00007fff9a9b0000 - 0x00007fff9aa12000 	C:\Users\teibe\AppData\Local\Temp\lwjglteibe\3.2.3-build-13\glfw.dll
0x00007fffb3cb0000 - 0x00007fffb3d5b000 	C:\WINDOWS\system32\uxtheme.dll
0x00007fff94200000 - 0x00007fff94246000 	C:\WINDOWS\SYSTEM32\dinput8.dll
0x00007fff66b20000 - 0x00007fff66b31000 	C:\WINDOWS\SYSTEM32\xinput1_4.dll
0x00007fffb9230000 - 0x00007fffb927e000 	C:\WINDOWS\SYSTEM32\cfgmgr32.dll
0x00007fffb91e0000 - 0x00007fffb920c000 	C:\WINDOWS\SYSTEM32\DEVOBJ.dll
0x00007fffb3f30000 - 0x00007fffb3f5b000 	C:\WINDOWS\SYSTEM32\dwmapi.dll
0x00007fff982e0000 - 0x00007fff984ec000 	C:\WINDOWS\SYSTEM32\inputhost.dll
0x00007fffb37b0000 - 0x00007fffb38e3000 	C:\WINDOWS\SYSTEM32\CoreMessaging.dll
0x00007fffbbae0000 - 0x00007fffbbc33000 	C:\WINDOWS\System32\MSCTF.dll
0x00007fffb8d30000 - 0x00007fffb8d3c000 	C:\WINDOWS\SYSTEM32\CRYPTBASE.DLL
0x00007fffb7d30000 - 0x00007fffb7d3e000 	C:\WINDOWS\SYSTEM32\HID.DLL
0x00007fffbb480000 - 0x00007fffbb8f4000 	C:\WINDOWS\System32\SETUPAPI.DLL
0x00007fffb9530000 - 0x00007fffb959b000 	C:\WINDOWS\System32\WINTRUST.dll
0x00007fffb9dd0000 - 0x00007fffb9f38000 	C:\WINDOWS\System32\CRYPT32.dll
0x00007fffb91c0000 - 0x00007fffb91d2000 	C:\WINDOWS\SYSTEM32\MSASN1.dll
0x00007fffa6f40000 - 0x00007fffa6f51000 	C:\Windows\System32\pid.dll
0x00007fff96570000 - 0x00007fff96670000 	C:\WINDOWS\SYSTEM32\opengl32.dll
0x00007fff96540000 - 0x00007fff9656d000 	C:\WINDOWS\SYSTEM32\GLU32.dll
0x00007fffb6680000 - 0x00007fffb66b9000 	C:\WINDOWS\SYSTEM32\dxcore.dll
0x00007fffaf710000 - 0x00007fffaf75a000 	C:\WINDOWS\SYSTEM32\directxdatabasehelper.dll
0x00007fffba850000 - 0x00007fffba900000 	C:\WINDOWS\System32\clbcatq.dll
0x00007fff1fa90000 - 0x00007fff20a2e000 	C:\WINDOWS\System32\DriverStore\FileRepository\iigd_dch.inf_amd64_ae60530005dda925\igxelpicd64.dll
0x00007fffbaad0000 - 0x00007fffbac75000 	C:\WINDOWS\System32\ole32.dll
0x00007fffb3e20000 - 0x00007fffb3f17000 	C:\WINDOWS\system32\dxgi.dll
0x00007fff50f70000 - 0x00007fff513e3000 	C:\WINDOWS\System32\DriverStore\FileRepository\iigd_dch.inf_amd64_ae60530005dda925\igdml64.dll
0x00007fffa8940000 - 0x00007fffa8d0d000 	C:\WINDOWS\System32\DriverStore\FileRepository\iigd_dch.inf_amd64_ae60530005dda925\igdgmm64.dll
0x00007fffa1d90000 - 0x00007fffa4acb000 	C:\WINDOWS\System32\DriverStore\FileRepository\iigd_dch.inf_amd64_ae60530005dda925\igc64.dll
0x00007fffb8380000 - 0x00007fffb83cd000 	C:\WINDOWS\SYSTEM32\powrprof.dll
0x00007fffb8360000 - 0x00007fffb8373000 	C:\WINDOWS\SYSTEM32\UMPDC.dll
0x00007fff8e1a0000 - 0x00007fff8e1f9000 	C:\Users\teibe\AppData\Local\Temp\lwjglteibe\3.2.3-build-13\lwjgl_opengl.dll
0x00007fff94bb0000 - 0x00007fff94cfb000 	C:\WINDOWS\SYSTEM32\textinputframework.dll
0x00007fffacc70000 - 0x00007fffacfdc000 	C:\WINDOWS\SYSTEM32\CoreUIComponents.dll

dbghelp: loaded successfully - version: 4.0.5 - missing functions: none
symbol engine: initialized successfully - sym options: 0x614 - pdb path: .;C:\Program Files\Java\jdk-17.0.1\bin;C:\WINDOWS\SYSTEM32;C:\WINDOWS\WinSxS\amd64_microsoft.windows.common-controls_6595b64144ccf1df_6.0.22621.3527_none_270e469b73872a76;C:\Program Files\Java\jdk-17.0.1\bin\server;C:\Program Files\JetBrains\IntelliJ IDEA Community Edition 2021.3.1\bin;C:\Users\teibe\AppData\Local\Temp\lwjglteibe\3.2.3-build-13;C:\WINDOWS\System32\DriverStore\FileRepository\iigd_dch.inf_amd64_ae60530005dda925

VM Arguments:
jvm_args: -javaagent:C:\Program Files\JetBrains\IntelliJ IDEA Community Edition 2021.3.1\lib\idea_rt.jar=51551:C:\Program Files\JetBrains\IntelliJ IDEA Community Edition 2021.3.1\bin -Dfile.encoding=UTF-8 
java_command: Instance.Main
java_class_path (initial): C:\Users\teibe\code\Java\Graphicsv3\out\production\Graphicsv3;C:\winbin\lwjgl-opengl\lwjgl-assimp-natives-windows.jar;C:\winbin\lwjgl-opengl\lwjgl-assimp.jar;C:\winbin\lwjgl-opengl\lwjgl-glfw-natives-windows.jar;C:\winbin\lwjgl-opengl\lwjgl-glfw.jar;C:\winbin\lwjgl-opengl\lwjgl-natives-windows.jar;C:\winbin\lwjgl-opengl\lwjgl-openal-natives-windows.jar;C:\winbin\lwjgl-opengl\lwjgl-openal.jar;C:\winbin\lwjgl-opengl\lwjgl-opengl-natives-windows.jar;C:\winbin\lwjgl-opengl\lwjgl-opengl.jar;C:\winbin\lwjgl-opengl\lwjgl-stb-natives-windows.jar;C:\winbin\lwjgl-opengl\lwjgl-stb.jar;C:\winbin\lwjgl-opengl\lwjgl.jar
Launcher Type: SUN_STANDARD

[Global flags]
     intx CICompilerCount                          = 12                                        {product} {ergonomic}
     uint ConcGCThreads                            = 3                                         {product} {ergonomic}
     uint G1ConcRefinementThreads                  = 13                                        {product} {ergonomic}
   size_t G1HeapRegionSize                         = 4194304                                   {product} {ergonomic}
    uintx GCDrainStackTargetSize                   = 64                                        {product} {ergonomic}
   size_t InitialHeapSize                          = 536870912                                 {product} {ergonomic}
   size_t MarkStackSize                            = 4194304                                   {product} {ergonomic}
   size_t MaxHeapSize                              = 8527020032                                {product} {ergonomic}
   size_t MaxNewSize                               = 5112856576                                {product} {ergonomic}
   size_t MinHeapDeltaBytes                        = 4194304                                   {product} {ergonomic}
   size_t MinHeapSize                              = 8388608                                   {product} {ergonomic}
    uintx NonNMethodCodeHeapSize                   = 7602480                                {pd product} {ergonomic}
    uintx NonProfiledCodeHeapSize                  = 122027880                              {pd product} {ergonomic}
    uintx ProfiledCodeHeapSize                     = 122027880                              {pd product} {ergonomic}
    uintx ReservedCodeCacheSize                    = 251658240                              {pd product} {ergonomic}
     bool SegmentedCodeCache                       = true                                      {product} {ergonomic}
   size_t SoftMaxHeapSize                          = 8527020032                             {manageable} {ergonomic}
     bool UseCompressedClassPointers               = true                           {product lp64_product} {ergonomic}
     bool UseCompressedOops                        = true                           {product lp64_product} {ergonomic}
     bool UseG1GC                                  = true                                      {product} {ergonomic}
     bool UseLargePagesIndividualAllocation        = false                                  {pd product} {ergonomic}

Logging:
Log output configuration:
 #0: stdout all=off uptime,level,tags
 #1: stderr all=off uptime,level,tags

Environment Variables:
JAVA_HOME=C:\Program Files\Java\jdk-17.0.1
PATH=C:\Program Files\Python312\Scripts\;C:\Program Files\Python312\;C:\Program Files\NVIDIA GPU Computing Toolkit\CUDA\v12.3\bin;C:\Program Files\NVIDIA GPU Computing Toolkit\CUDA\v12.3\libnvvp;C:\Program Files (x86)\Intel\oneAPI\tbb\latest\redist\intel64\vc_mt\;C:\Program Files (x86)\Intel\oneAPI\tbb\latest\redist\ia32\vc_mt\;C:\Program Files (x86)\Intel\oneAPI\compiler\latest\windows\redist\intel64_win\compiler;C:\Program Files (x86)\Intel\oneAPI\compiler\latest\windows\redist\ia32_win\compiler;C:\Users\teibe\AppData\Local\ActiveState\StateTool\release\bin;C:\Program Files (x86)\Razer Chroma SDK\bin;C:\Program Files\Razer Chroma SDK\bin;C:\Program Files (x86)\Razer\ChromaBroadcast\bin;C:\Program Files\Razer\ChromaBroadcast\bin;C:\Program Files\Oculus\Support\oculus-runtime;C:\Program Files\Common Files\Oracle\Java\javapath;C:\Program Files (x86)\Common Files\Oracle\Java\javapath;C:\Program Files\Python310\;C:\Windows\system32;C:\Windows;C:\Windows\System32\Wbem;C:\Windows\System32\WindowsPowerShell\v1.0\;C:\Windows\System32\OpenSSH\;C:\Program Files (x86)\NVIDIA Corporation\PhysX\Common;C:\Program Files\NVIDIA Corporation\NVIDIA NvDLISR;C:\Program Files\nodejs\;C:\ProgramData\chocolatey\bin;C:\Program Files\Git\cmd;C:\Program Files\elevate kliu\;C:\Windows\system32\config\systemprofile\AppData\Local\Microsoft\WindowsApps;C:\Shell Programs;C:\Program Files\PuTTY\;C:\WINDOWS\system32;C:\WINDOWS;C:\WINDOWS\System32\Wbem;C:\WINDOWS\System32\WindowsPowerShell\v1.0\;C:\WINDOWS\System32\OpenSSH\;C:\Program Files\Java\jdk-17.0.1\bin\;C:\Program Files (x86)\apache-ant-1.9.16\bin;C:\Users\teibe\AppData\Roaming\Python\Python310\Scripts;C:\Users\teibe\AppData\Roaming\Python\Python310;C:\Program Files\NVIDIA Corporation\Nsight Compute 2023.3.1\;C:\Users\teibe\AppData\Roaming\Python\Python312\Scripts;C:\Program Files\Python310\Scripts\;;C:\Program Files\Docker\Docker\resources\bin;C:\Users\teibe\AppData\Local\Microsoft\WindowsApps;C:\Users\teibe\AppData\Roaming\npm;C:\Users\teibe
USERNAME=teibe
OS=Windows_NT
PROCESSOR_IDENTIFIER=Intel64 Family 6 Model 141 Stepping 1, GenuineIntel



---------------  S Y S T E M  ---------------

OS:
 Windows 10 , 64 bit Build 22621 (10.0.22621.3527)
OS uptime: 19 days 8:41 hours
Hyper-V role detected

CPU: total 16 (initial active 16) (8 cores per cpu, 2 threads per core) family 6 model 141 stepping 1 microcode 0x34, cx8, cmov, fxsr, ht, mmx, 3dnowpref, sse, sse2, sse3, ssse3, sse4.1, sse4.2, popcnt, lzcnt, tsc, tscinvbit, avx, avx2, aes, erms, clmul, bmi1, bmi2, adx, avx512f, avx512dq, avx512cd, avx512bw, avx512vl, sha, fma, vzeroupper, avx512_vpopcntdq, avx512_vpclmulqdq, avx512_vaes, avx512_vnni, clflush, clflushopt, clwb, avx512_vbmi2, avx512_vbmi, hv

Memory: 4k page, system-wide physical 32515M (16899M free)
TotalPageFile size 34563M (AvailPageFile size 13336M)
current process WorkingSet (physical memory assigned to process): 209M, peak: 216M
current process commit charge ("private bytes"): 711M, peak: 720M

vm_info: Java HotSpot(TM) 64-Bit Server VM (17.0.1+12-LTS-39) for windows-amd64 JRE (17.0.1+12-LTS-39), built on Sep 27 2021 18:41:35 by "mach5one" with MS VC++ 16.8 (VS2019)

END.
